Component: Arm Compiler for Embedded 6.24 Tool: armlink [5f371500]

==============================================================================

Section Cross References

    startup_stm32f407xx.o(STACK) refers (Special) to heapauxi.o(.text) for __use_two_region_memory
    startup_stm32f407xx.o(HEAP) refers (Special) to heapauxi.o(.text) for __use_two_region_memory
    startup_stm32f407xx.o(RESET) refers (Special) to heapauxi.o(.text) for __use_two_region_memory
    startup_stm32f407xx.o(RESET) refers to startup_stm32f407xx.o(STACK) for __initial_sp
    startup_stm32f407xx.o(RESET) refers to startup_stm32f407xx.o(.text) for Reset_Handler
    startup_stm32f407xx.o(RESET) refers to stm32f4xx_it.o(.text.NMI_Handler) for NMI_Handler
    startup_stm32f407xx.o(RESET) refers to stm32f4xx_it.o(.text.HardFault_Handler) for HardFault_Handler
    startup_stm32f407xx.o(RESET) refers to stm32f4xx_it.o(.text.MemManage_Handler) for MemManage_Handler
    startup_stm32f407xx.o(RESET) refers to stm32f4xx_it.o(.text.BusFault_Handler) for BusFault_Handler
    startup_stm32f407xx.o(RESET) refers to stm32f4xx_it.o(.text.UsageFault_Handler) for UsageFault_Handler
    startup_stm32f407xx.o(RESET) refers to port.o(.text.SVC_Handler) for SVC_Handler
    startup_stm32f407xx.o(RESET) refers to stm32f4xx_it.o(.text.DebugMon_Handler) for DebugMon_Handler
    startup_stm32f407xx.o(RESET) refers to port.o(.text.PendSV_Handler) for PendSV_Handler
    startup_stm32f407xx.o(RESET) refers to port.o(.text.SysTick_Handler) for SysTick_Handler
    startup_stm32f407xx.o(RESET) refers to stm32f4xx_it.o(.text.TIM1_UP_TIM10_IRQHandler) for TIM1_UP_TIM10_IRQHandler
    startup_stm32f407xx.o(RESET) refers to stm32f4xx_it.o(.text.DMA2_Stream2_IRQHandler) for DMA2_Stream2_IRQHandler
    startup_stm32f407xx.o(RESET) refers to stm32f4xx_it.o(.text.DMA2_Stream3_IRQHandler) for DMA2_Stream3_IRQHandler
    startup_stm32f407xx.o(RESET) refers to stm32f4xx_it.o(.text.OTG_FS_IRQHandler) for OTG_FS_IRQHandler
    startup_stm32f407xx.o(.text) refers (Special) to heapauxi.o(.text) for __use_two_region_memory
    startup_stm32f407xx.o(.text) refers to system_stm32f4xx.o(.text.SystemInit) for SystemInit
    startup_stm32f407xx.o(.text) refers to __main.o(!!!main) for __main
    startup_stm32f407xx.o(.text) refers to startup_stm32f407xx.o(HEAP) for Heap_Mem
    startup_stm32f407xx.o(.text) refers to startup_stm32f407xx.o(STACK) for Stack_Mem
    main.o(.text.main) refers to stm32f4xx_hal.o(.text.HAL_Init) for HAL_Init
    main.o(.text.main) refers to main.o(.text.SystemClock_Config) for SystemClock_Config
    main.o(.text.main) refers to gpio.o(.text.MX_GPIO_Init) for MX_GPIO_Init
    main.o(.text.main) refers to dma.o(.text.MX_DMA_Init) for MX_DMA_Init
    main.o(.text.main) refers to spi.o(.text.MX_SPI1_Init) for MX_SPI1_Init
    main.o(.text.main) refers to tim.o(.text.MX_TIM10_Init) for MX_TIM10_Init
    main.o(.text.main) refers to freertos.o(.text.MX_FREERTOS_Init) for MX_FREERTOS_Init
    main.o(.text.main) refers to cmsis_os.o(.text.osKernelStart) for osKernelStart
    main.o(.ARM.exidx.text.main) refers to main.o(.text.main) for [Anonymous Symbol]
    main.o(.text.SystemClock_Config) refers to rt_memclr_w.o(.text) for __aeabi_memclr4
    main.o(.text.SystemClock_Config) refers to stm32f4xx_hal_rcc.o(.text.HAL_RCC_OscConfig) for HAL_RCC_OscConfig
    main.o(.text.SystemClock_Config) refers to stm32f4xx_hal_rcc.o(.text.HAL_RCC_ClockConfig) for HAL_RCC_ClockConfig
    main.o(.ARM.exidx.text.SystemClock_Config) refers to main.o(.text.SystemClock_Config) for [Anonymous Symbol]
    main.o(.ARM.exidx.text.Error_Handler) refers to main.o(.text.Error_Handler) for [Anonymous Symbol]
    main.o(.text.HAL_TIM_PeriodElapsedCallback) refers to stm32f4xx_hal.o(.text.HAL_IncTick) for HAL_IncTick
    main.o(.ARM.exidx.text.HAL_TIM_PeriodElapsedCallback) refers to main.o(.text.HAL_TIM_PeriodElapsedCallback) for [Anonymous Symbol]
    gpio.o(.text.MX_GPIO_Init) refers to stm32f4xx_hal_gpio.o(.text.HAL_GPIO_WritePin) for HAL_GPIO_WritePin
    gpio.o(.text.MX_GPIO_Init) refers to stm32f4xx_hal_gpio.o(.text.HAL_GPIO_Init) for HAL_GPIO_Init
    gpio.o(.ARM.exidx.text.MX_GPIO_Init) refers to gpio.o(.text.MX_GPIO_Init) for [Anonymous Symbol]
    freertos.o(.text.vApplicationGetIdleTaskMemory) refers to freertos.o(.bss.xIdleTaskTCBBuffer) for xIdleTaskTCBBuffer
    freertos.o(.text.vApplicationGetIdleTaskMemory) refers to freertos.o(.bss.xIdleStack) for xIdleStack
    freertos.o(.ARM.exidx.text.vApplicationGetIdleTaskMemory) refers to freertos.o(.text.vApplicationGetIdleTaskMemory) for [Anonymous Symbol]
    freertos.o(.text.MX_FREERTOS_Init) refers to cmsis_os.o(.text.osThreadCreate) for osThreadCreate
    freertos.o(.text.MX_FREERTOS_Init) refers to freertos.o(.bss..L_MergedGlobals) for .L_MergedGlobals
    freertos.o(.text.MX_FREERTOS_Init) refers to freertos.o(.rodata.str1.1) for [Anonymous Symbol]
[...]
    __rt_lib_init_lc_monetary_1              0x0800022f   Thumb Code     0  libinit2.o(.ARM.Collect$$libinit$$00000017)
    __rt_lib_init_lc_numeric_1               0x0800022f   Thumb Code     0  libinit2.o(.ARM.Collect$$libinit$$00000019)
    __rt_lib_init_lc_time_1                  0x0800022f   Thumb Code     0  libinit2.o(.ARM.Collect$$libinit$$0000001B)
    __rt_lib_init_preinit_1                  0x0800022f   Thumb Code     0  libinit2.o(.ARM.Collect$$libinit$$00000006)
    __rt_lib_init_rand_1                     0x0800022f   Thumb Code     0  libinit2.o(.ARM.Collect$$libinit$$00000010)
    __rt_lib_init_relocate_pie_1             0x0800022f   Thumb Code     0  libinit2.o(.ARM.Collect$$libinit$$00000004)
    __rt_lib_init_return                     0x0800022f   Thumb Code     0  libinit2.o(.ARM.Collect$$libinit$$00000035)
    __rt_lib_init_signal_1                   0x0800022f   Thumb Code     0  libinit2.o(.ARM.Collect$$libinit$$0000001F)
    __rt_lib_init_stdio_1                    0x0800022f   Thumb Code     0  libinit2.o(.ARM.Collect$$libinit$$00000027)
    __rt_lib_init_user_alloc_1               0x0800022f   Thumb Code     0  libinit2.o(.ARM.Collect$$libinit$$0000000E)
    __rt_lib_shutdown                        0x08000231   Thumb Code     0  libshutdown.o(.ARM.Collect$$libshutdown$$00000000)
    __rt_lib_shutdown_cpp_1                  0x08000233   Thumb Code     0  libshutdown2.o(.ARM.Collect$$libshutdown$$00000002)
    __rt_lib_shutdown_fp_trap_1              0x08000233   Thumb Code     0  libshutdown2.o(.ARM.Collect$$libshutdown$$00000007)
    __rt_lib_shutdown_heap_1                 0x08000233   Thumb Code     0  libshutdown2.o(.ARM.Collect$$libshutdown$$0000000F)
    __rt_lib_shutdown_return                 0x08000233   Thumb Code     0  libshutdown2.o(.ARM.Collect$$libshutdown$$00000010)
    __rt_lib_shutdown_signal_1               0x08000233   Thumb Code     0  libshutdown2.o(.ARM.Collect$$libshutdown$$0000000A)
    __rt_lib_shutdown_stdio_1                0x08000233   Thumb Code     0  libshutdown2.o(.ARM.Collect$$libshutdown$$00000004)
    __rt_lib_shutdown_user_alloc_1           0x08000233   Thumb Code     0  libshutdown2.o(.ARM.Collect$$libshutdown$$0000000C)
    __rt_entry                               0x08000235   Thumb Code     0  __rtentry.o(.ARM.Collect$$rtentry$$00000000)
    __rt_entry_presh_1                       0x08000235   Thumb Code     0  __rtentry2.o(.ARM.Collect$$rtentry$$00000002)
    __rt_entry_sh                            0x08000235   Thumb Code     0  __rtentry4.o(.ARM.Collect$$rtentry$$00000004)
    __rt_entry_li                            0x0800023b   Thumb Code     0  __rtentry2.o(.ARM.Collect$$rtentry$$0000000A)
    __rt_entry_postsh_1                      0x0800023b   Thumb Code     0  __rtentry2.o(.ARM.Collect$$rtentry$$00000009)
    __rt_entry_main                          0x0800023f   Thumb Code     0  __rtentry2.o(.ARM.Collect$$rtentry$$0000000D)
    __rt_entry_postli_1                      0x0800023f   Thumb Code     0  __rtentry2.o(.ARM.Collect$$rtentry$$0000000C)
    __rt_exit                                0x08000247   Thumb Code     0  rtexit.o(.ARM.Collect$$rtexit$$00000000)
    __rt_exit_ls                             0x08000249   Thumb Code     0  rtexit2.o(.ARM.Collect$$rtexit$$00000003)
    __rt_exit_prels_1                        0x08000249   Thumb Code     0  rtexit2.o(.ARM.Collect$$rtexit$$00000002)
    __rt_exit_exit                           0x0800024d   Thumb Code     0  rtexit2.o(.ARM.Collect$$rtexit$$00000004)
    Reset_Handler                            0x08000255   Thumb Code     8  startup_stm32f407xx.o(.text)
    ADC_IRQHandler                           0x0800026f   Thumb Code     0  startup_stm32f407xx.o(.text)
    CAN1_RX0_IRQHandler                      0x0800026f   Thumb Code     0  startup_stm32f407xx.o(.text)
    CAN1_RX1_IRQHandler                      0x0800026f   Thumb Code     0  startup_stm32f407xx.o(.text)
    CAN1_SCE_IRQHandler                      0x0800026f   Thumb Code     0  startup_stm32f407xx.o(.text)
    CAN1_TX_IRQHandler                       0x0800026f   Thumb Code     0  startup_stm32f407xx.o(.text)
    CAN2_RX0_IRQHandler                      0x0800026f   Thumb Code     0  startup_stm32f407xx.o(.text)
    CAN2_RX1_IRQHandler                      0x0800026f   Thumb Code     0  startup_stm32f407xx.o(.text)
    CAN2_SCE_IRQHandler                      0x0800026f   Thumb Code     0  startup_stm32f407xx.o(.text)
    CAN2_TX_IRQHandler                       0x0800026f   Thumb Code     0  startup_stm32f407xx.o(.text)
    DCMI_IRQHandler                          0x0800026f   Thumb Code     0  startup_stm32f407xx.o(.text)
    DMA1_Stream0_IRQHandler                  0x0800026f   Thumb Code     0  startup_stm32f407xx.o(.text)
    DMA1_Stream1_IRQHandler                  0x0800026f   Thumb Code     0  startup_stm32f407xx.o(.text)
    DMA1_Stream2_IRQHandler                  0x0800026f   Thumb Code     0  startup_stm32f407xx.o(.text)
    DMA1_Stream3_IRQHandler                  0x0800026f   Thumb Code     0  startup_stm32f407xx.o(.text)
    DMA1_Stream4_IRQHandler                  0x0800026f   Thumb Code     0  startup_stm32f407xx.o(.text)
    DMA1_Stream5_IRQHandler                  0x0800026f   Thumb Code     0  startup_stm32f407xx.o(.text)
    DMA1_Stream6_IRQHandler                  0x0800026f   Thumb Code     0  startup_stm32f407xx.o(.text)
    DMA1_Stream7_IRQHandler                  0x0800026f   Thumb Code     0  startup_stm32f407xx.o(.text)
    DMA2_Stream0_IRQHandler                  0x0800026f   Thumb Code     0  startup_stm32f407xx.o(.text)
    DMA2_Stream1_IRQHandler                  0x0800026f   Thumb Code     0  startup_stm32f407xx.o(.text)
    DMA2_Stream4_IRQHandler                  0x0800026f   Thumb Code     0  startup_stm32f407xx.o(.text)
    DMA2_Stream5_IRQHandler                  0x0800026f   Thumb Code     0  startup_stm32f407xx.o(.text)
    DMA2_Stream6_IRQHandler                  0x0800026f   Thumb Code     0  startup_stm32f407xx.o(.text)
    DMA2_Stream7_IRQHandler                  0x0800026f   Thumb Code     0  startup_stm32f407xx.o(.text)
    ETH_IRQHandler                           0x0800026f   Thumb Code     0  startup_stm32f407xx.o(.text)
    ETH_WKUP_IRQHandler                      0x0800026f   Thumb Code     0  startup_stm32f407xx.o(.text)
    EXTI0_IRQHandler                         0x0800026f   Thumb Code     0  startup_stm32f407xx.o(.text)
    EXTI15_10_IRQHandler                     0x0800026f   Thumb Code     0  startup_stm32f407xx.o(.text)
    EXTI1_IRQHandler                         0x0800026f   Thumb Code     0  startup_stm32f407xx.o(.text)
    EXTI2_IRQHandler                         0x0800026f   Thumb Code     0  startup_stm32f407xx.o(.text)
    EXTI3_IRQHandler                         0x0800026f   Thumb Code     0  startup_stm32f407xx.o(.text)
    EXTI4_IRQHandler                         0x0800026f   Thumb Code     0  startup_stm32f407xx.o(.text)
    EXTI9_5_IRQHandler                       0x0800026f   Thumb Code     0  startup_stm32f407xx.o(.text)
    FLASH_IRQHandler                         0x0800026f   Thumb Code     0  startup_stm32f407xx.o(.text)
    FMC_IRQHandler                           0x0800026f   Thumb Code     0  startup_stm32f407xx.o(.text)
    FPU_IRQHandler                           0x0800026f   Thumb Code     0  startup_stm32f407xx.o(.text)
    HASH_RNG_IRQHandler                      0x0800026f   Thumb Code     0  startup_stm32f407xx.o(.text)
    I2C1_ER_IRQHandler                       0x0800026f   Thumb Code     0  startup_stm32f407xx.o(.text)
    I2C1_EV_IRQHandler                       0x0800026f   Thumb Code     0  startup_stm32f407xx.o(.text)
    I2C2_ER_IRQHandler                       0x0800026f   Thumb Code     0  startup_stm32f407xx.o(.text)
    I2C2_EV_IRQHandler                       0x0800026f   Thumb Code     0  startup_stm32f407xx.o(.text)
    I2C3_ER_IRQHandler                       0x0800026f   Thumb Code     0  startup_stm32f407xx.o(.text)
    I2C3_EV_IRQHandler                       0x0800026f   Thumb Code     0  startup_stm32f407xx.o(.text)
    OTG_FS_WKUP_IRQHandler                   0x0800026f   Thumb Code     0  startup_stm32f407xx.o(.text)
    OTG_HS_EP1_IN_IRQHandler                 0x0800026f   Thumb Code     0  startup_stm32f407xx.o(.text)
    OTG_HS_EP1_OUT_IRQHandler                0x0800026f   Thumb Code     0  startup_stm32f407xx.o(.text)
    OTG_HS_IRQHandler                        0x0800026f   Thumb Code     0  startup_stm32f407xx.o(.text)
    OTG_HS_WKUP_IRQHandler                   0x0800026f   Thumb Code     0  startup_stm32f407xx.o(.text)
    PVD_IRQHandler                           0x0800026f   Thumb Code     0  startup_stm32f407xx.o(.text)
    RCC_IRQHandler                           0x0800026f   Thumb Code     0  startup_stm32f407xx.o(.text)
    RTC_Alarm_IRQHandler                     0x0800026f   Thumb Code     0  startup_stm32f407xx.o(.text)
    RTC_WKUP_IRQHandler                      0x0800026f   Thumb Code     0  startup_stm32f407xx.o(.text)
    SDIO_IRQHandler                          0x0800026f   Thumb Code     0  startup_stm32f407xx.o(.text)
    SPI1_IRQHandler                          0x0800026f   Thumb Code     0  startup_stm32f407xx.o(.text)
    SPI2_IRQHandler                          0x0800026f   Thumb Code     0  startup_stm32f407xx.o(.text)
    SPI3_IRQHandler                          0x0800026f   Thumb Code     0  startup_stm32f407xx.o(.text)
    TAMP_STAMP_IRQHandler                    0x0800026f   Thumb Code     0  startup_stm32f407xx.o(.text)
    TIM1_BRK_TIM9_IRQHandler                 0x0800026f   Thumb Code     0  startup_stm32f407xx.o(.text)
    TIM1_CC_IRQHandler                       0x0800026f   Thumb Code     0  startup_stm32f407xx.o(.text)
    TIM1_TRG_COM_TIM11_IRQHandler            0x0800026f   Thumb Code     0  startup_stm32f407xx.o(.text)
    TIM2_IRQHandler                          0x0800026f   Thumb Code     0  startup_stm32f407xx.o(.text)
    TIM3_IRQHandler                          0x0800026f   Thumb Code     0  startup_stm32f407xx.o(.text)
    TIM4_IRQHandler                          0x0800026f   Thumb Code     0  startup_stm32f407xx.o(.text)
    TIM5_IRQHandler                          0x0800026f   Thumb Code     0  startup_stm32f407xx.o(.text)
    TIM6_DAC_IRQHandler                      0x0800026f   Thumb Code     0  startup_stm32f407xx.o(.text)
    TIM7_IRQHandler                          0x0800026f   Thumb Code     0  startup_stm32f407xx.o(.text)
    TIM8_BRK_TIM12_IRQHandler                0x0800026f   Thumb Code     0  startup_stm32f407xx.o(.text)
    TIM8_CC_IRQHandler                       0x0800026f   Thumb Code     0  startup_stm32f407xx.o(.text)
    TIM8_TRG_COM_TIM14_IRQHandler            0x0800026f   Thumb Code     0  startup_stm32f407xx.o(.text)
    TIM8_UP_TIM13_IRQHandler                 0x0800026f   Thumb Code     0  startup_stm32f407xx.o(.text)
    UART4_IRQHandler                         0x0800026f   Thumb Code     0  startup_stm32f407xx.o(.text)
    UART5_IRQHandler                         0x0800026f   Thumb Code     0  startup_stm32f407xx.o(.text)
    USART1_IRQHandler                        0x0800026f   Thumb Code     0  startup_stm32f407xx.o(.text)
    USART2_IRQHandler                        0x0800026f   Thumb Code     0  startup_stm32f407xx.o(.text)
    USART3_IRQHandler                        0x0800026f   Thumb Code     0  startup_stm32f407xx.o(.text)
    USART6_IRQHandler                        0x0800026f   Thumb Code     0  startup_stm32f407xx.o(.text)
    WWDG_IRQHandler                          0x0800026f   Thumb Code     0  startup_stm32f407xx.o(.text)
    __user_initial_stackheap                 0x08000271   Thumb Code     0  startup_stm32f407xx.o(.text)
    __aeabi_uldivmod                         0x08000295   Thumb Code     0  lludivv7m.o(.text)
    _ll_udiv                                 0x08000295   Thumb Code   240  lludivv7m.o(.text)
    __aeabi_memclr4                          0x08000385   Thumb Code     0  rt_memclr_w.o(.text)
    __aeabi_memclr8                          0x08000385   Thumb Code     0  rt_memclr_w.o(.text)
    __rt_memclr_w                            0x08000385   Thumb Code     0  rt_memclr_w.o(.text)
    _memset_w                                0x08000389   Thumb Code    74  rt_memclr_w.o(.text)
    __use_two_region_memory                  0x080003d3   Thumb Code     2  heapauxi.o(.text)
    __rt_heap_escrow$2region                 0x080003d5   Thumb Code     2  heapauxi.o(.text)
    __rt_heap_expand$2region                 0x080003d7   Thumb Code     2  heapauxi.o(.text)
    __user_setup_stackheap                   0x080003d9   Thumb Code    74  sys_stackheap_outer.o(.text)
    exit                                     0x08000423   Thumb Code    18  exit.o(.text)
    __user_libspace                          0x08000435   Thumb Code     8  libspace.o(.text)
    __user_perproc_libspace                  0x08000435   Thumb Code     0  libspace.o(.text)
    __user_perthread_libspace                0x08000435   Thumb Code     0  libspace.o(.text)
    _sys_exit                                0x0800043d   Thumb Code     8  sys_exit.o(.text)
    __I$use$semihosting                      0x08000449   Thumb Code     0  use_no_semi.o(.text)
    __use_no_semihosting_swi                 0x08000449   Thumb Code     2  use_no_semi.o(.text)
    __semihosting_library_function           0x0800044b   Thumb Code     0  indicate_semi.o(.text)
    BMI088_ACCEL_NS_H                        0x0800044d   Thumb Code    14  bmi088middleware.o(.text.BMI088_ACCEL_NS_H)
    BMI088_ACCEL_NS_L                        0x0800045d   Thumb Code    14  bmi088middleware.o(.text.BMI088_ACCEL_NS_L)
    BMI088_GPIO_init                         0x0800046d   Thumb Code     2  bmi088middleware.o(.text.BMI088_GPIO_init)
    BMI088_GYRO_NS_H                         0x08000471   Thumb Code    16  bmi088middleware.o(.text.BMI088_GYRO_NS_H)
    BMI088_GYRO_NS_L                         0x08000481   Thumb Code    16  bmi088middleware.o(.text.BMI088_GYRO_NS_L)
    BMI088_com_init                          0x08000491   Thumb Code     2  bmi088middleware.o(.text.BMI088_com_init)
    BMI088_delay_ms                          0x08000495   Thumb Code   486  bmi088middleware.o(.text.BMI088_delay_ms)
    BMI088_delay_us                          0x0800067d   Thumb Code    74  bmi088middleware.o(.text.BMI088_delay_us)
    BMI088_init                              0x080006c9   Thumb Code    24  bmi088driver.o(.text.BMI088_init)
    BMI088_read                              0x080006e1   Thumb Code   412  bmi088driver.o(.text.BMI088_read)
    BMI088_read_write_byte                   0x0800087d   Thumb Code    46  bmi088middleware.o(.text.BMI088_read_write_byte)
    BusFault_Handler                         0x080008ad   Thumb Code     2  stm32f4xx_it.o(.text.BusFault_Handler)
    CDC_Transmit_FS                          0x08000905   Thumb Code    54  usbd_cdc_if.o(.text.CDC_Transmit_FS)
    DMA2_Stream2_IRQHandler                  0x0800093d   Thumb Code    12  stm32f4xx_it.o(.text.DMA2_Stream2_IRQHandler)
    DMA2_Stream3_IRQHandler                  0x08000949   Thumb Code    12  stm32f4xx_it.o(.text.DMA2_Stream3_IRQHandler)
    DebugMon_Handler                         0x08000955   Thumb Code     2  stm32f4xx_it.o(.text.DebugMon_Handler)
    Error_Handler                            0x08000959   Thumb Code     6  main.o(.text.Error_Handler)
    HAL_DMA_IRQHandler                       0x08000961   Thumb Code   452  stm32f4xx_hal_dma.o(.text.HAL_DMA_IRQHandler)
    HAL_DMA_Init                             0x08000b25   Thumb Code   354  stm32f4xx_hal_dma.o(.text.HAL_DMA_Init)
    HAL_Delay                                0x08000c89   Thumb Code    40  stm32f4xx_hal.o(.text.HAL_Delay)
    HAL_GPIO_Init                            0x08000cb1   Thumb Code   414  stm32f4xx_hal_gpio.o(.text.HAL_GPIO_Init)
    HAL_GPIO_WritePin                        0x08000e51   Thumb Code    10  stm32f4xx_hal_gpio.o(.text.HAL_GPIO_WritePin)
    HAL_GetTick                              0x08000e5d   Thumb Code    12  stm32f4xx_hal.o(.text.HAL_GetTick)
    HAL_IncTick                              0x08000e69   Thumb Code    26  stm32f4xx_hal.o(.text.HAL_IncTick)
    HAL_Init                                 0x08000e85   Thumb Code    54  stm32f4xx_hal.o(.text.HAL_Init)
    HAL_InitTick                             0x08000ebd   Thumb Code   166  stm32f4xx_hal_timebase_tim.o(.text.HAL_InitTick)
    HAL_MspInit                              0x08000f65   Thumb Code    66  stm32f4xx_hal_msp.o(.text.HAL_MspInit)
    HAL_NVIC_EnableIRQ                       0x08000fa9   Thumb Code    34  stm32f4xx_hal_cortex.o(.text.HAL_NVIC_EnableIRQ)
    HAL_NVIC_SetPriority                     0x08000fcd   Thumb Code    86  stm32f4xx_hal_cortex.o(.text.HAL_NVIC_SetPriority)
    HAL_NVIC_SetPriorityGrouping             0x08001025   Thumb Code    32  stm32f4xx_hal_cortex.o(.text.HAL_NVIC_SetPriorityGrouping)
    HAL_PCDEx_LPM_Callback                   0x08001045   Thumb Code     2  stm32f4xx_hal_pcd_ex.o(.text.HAL_PCDEx_LPM_Callback)
    HAL_PCDEx_SetRxFiFo                      0x08001049   Thumb Code     8  stm32f4xx_hal_pcd_ex.o(.text.HAL_PCDEx_SetRxFiFo)
    HAL_PCDEx_SetTxFiFo                      0x08001051   Thumb Code   206  stm32f4xx_hal_pcd_ex.o(.text.HAL_PCDEx_SetTxFiFo)
    HAL_PCD_ConnectCallback                  0x08001121   Thumb Code     8  usbd_conf.o(.text.HAL_PCD_ConnectCallback)
    HAL_PCD_DataInStageCallback              0x08001129   Thumb Code    20  usbd_conf.o(.text.HAL_PCD_DataInStageCallback)
    HAL_PCD_DataOutStageCallback             0x0800113d   Thumb Code    22  usbd_conf.o(.text.HAL_PCD_DataOutStageCallback)
    HAL_PCD_DisconnectCallback               0x08001155   Thumb Code     8  usbd_conf.o(.text.HAL_PCD_DisconnectCallback)
    HAL_PCD_EP_Close                         0x0800115d   Thumb Code    80  stm32f4xx_hal_pcd.o(.text.HAL_PCD_EP_Close)
    HAL_PCD_EP_ClrStall                      0x080011ad   Thumb Code    94  stm32f4xx_hal_pcd.o(.text.HAL_PCD_EP_ClrStall)
    HAL_PCD_EP_GetRxCount                    0x0800120d   Thumb Code    18  stm32f4xx_hal_pcd.o(.text.HAL_PCD_EP_GetRxCount)
    HAL_PCD_EP_Open                          0x08001221   Thumb Code   116  stm32f4xx_hal_pcd.o(.text.HAL_PCD_EP_Open)
    HAL_PCD_EP_Receive                       0x08001295   Thumb Code    66  stm32f4xx_hal_pcd.o(.text.HAL_PCD_EP_Receive)
    HAL_PCD_EP_SetStall                      0x080012d9   Thumb Code   110  stm32f4xx_hal_pcd.o(.text.HAL_PCD_EP_SetStall)
    HAL_PCD_EP_Transmit                      0x08001349   Thumb Code    58  stm32f4xx_hal_pcd.o(.text.HAL_PCD_EP_Transmit)
    HAL_PCD_IRQHandler                       0x08001385   Thumb Code  2302  stm32f4xx_hal_pcd.o(.text.HAL_PCD_IRQHandler)
    HAL_PCD_ISOINIncompleteCallback          0x08001c85   Thumb Code     8  usbd_conf.o(.text.HAL_PCD_ISOINIncompleteCallback)
    HAL_PCD_ISOOUTIncompleteCallback         0x08001c8d   Thumb Code     8  usbd_conf.o(.text.HAL_PCD_ISOOUTIncompleteCallback)
    HAL_PCD_Init                             0x08001c95   Thumb Code   622  stm32f4xx_hal_pcd.o(.text.HAL_PCD_Init)
    HAL_PCD_MspInit                          0x08001f05   Thumb Code   136  usbd_conf.o(.text.HAL_PCD_MspInit)
    HAL_PCD_ResetCallback                    0x08001f8d   Thumb Code    42  usbd_conf.o(.text.HAL_PCD_ResetCallback)
    HAL_PCD_ResumeCallback                   0x08001fb9   Thumb Code     8  usbd_conf.o(.text.HAL_PCD_ResumeCallback)
    HAL_PCD_SOFCallback                      0x08001fc1   Thumb Code     8  usbd_conf.o(.text.HAL_PCD_SOFCallback)
    HAL_PCD_SetAddress                       0x08001fc9   Thumb Code    40  stm32f4xx_hal_pcd.o(.text.HAL_PCD_SetAddress)
    HAL_PCD_SetupStageCallback               0x08001ff1   Thumb Code    14  usbd_conf.o(.text.HAL_PCD_SetupStageCallback)
    HAL_PCD_Start                            0x08002001   Thumb Code    62  stm32f4xx_hal_pcd.o(.text.HAL_PCD_Start)
    HAL_PCD_SuspendCallback                  0x08002041   Thumb Code    52  usbd_conf.o(.text.HAL_PCD_SuspendCallback)
    HAL_RCC_ClockConfig                      0x08002075   Thumb Code   356  stm32f4xx_hal_rcc.o(.text.HAL_RCC_ClockConfig)
    HAL_RCC_GetClockConfig                   0x080021d9   Thumb Code    62  stm32f4xx_hal_rcc.o(.text.HAL_RCC_GetClockConfig)
    HAL_RCC_GetHCLKFreq                      0x08002219   Thumb Code    12  stm32f4xx_hal_rcc.o(.text.HAL_RCC_GetHCLKFreq)
    HAL_RCC_GetPCLK2Freq                     0x08002225   Thumb Code    38  stm32f4xx_hal_rcc.o(.text.HAL_RCC_GetPCLK2Freq)
    HAL_RCC_GetSysClockFreq                  0x0800224d   Thumb Code   110  stm32f4xx_hal_rcc.o(.text.HAL_RCC_GetSysClockFreq)
    HAL_RCC_OscConfig                        0x080022bd   Thumb Code   940  stm32f4xx_hal_rcc.o(.text.HAL_RCC_OscConfig)
    HAL_SPI_Init                             0x08002669   Thumb Code   176  stm32f4xx_hal_spi.o(.text.HAL_SPI_Init)
    HAL_SPI_MspInit                          0x08002719   Thumb Code   302  spi.o(.text.HAL_SPI_MspInit)
    HAL_SPI_TransmitReceive                  0x08002849   Thumb Code   832  stm32f4xx_hal_spi.o(.text.HAL_SPI_TransmitReceive)
    HAL_TIMEx_BreakCallback                  0x08002b89   Thumb Code     2  stm32f4xx_hal_tim_ex.o(.text.HAL_TIMEx_BreakCallback)
    HAL_TIMEx_CommutCallback                 0x08002b8d   Thumb Code     2  stm32f4xx_hal_tim_ex.o(.text.HAL_TIMEx_CommutCallback)
    HAL_TIM_Base_Init                        0x08002b91   Thumb Code    90  stm32f4xx_hal_tim.o(.text.HAL_TIM_Base_Init)
    HAL_TIM_Base_MspInit                     0x08002bed   Thumb Code    72  tim.o(.text.HAL_TIM_Base_MspInit)
    HAL_TIM_Base_Start_IT                    0x08002c35   Thumb Code   170  stm32f4xx_hal_tim.o(.text.HAL_TIM_Base_Start_IT)
    HAL_TIM_IC_CaptureCallback               0x08002ce1   Thumb Code     2  stm32f4xx_hal_tim.o(.text.HAL_TIM_IC_CaptureCallback)
    HAL_TIM_IRQHandler                       0x08002ce5   Thumb Code   334  stm32f4xx_hal_tim.o(.text.HAL_TIM_IRQHandler)
    HAL_TIM_OC_DelayElapsedCallback          0x08002e35   Thumb Code     2  stm32f4xx_hal_tim.o(.text.HAL_TIM_OC_DelayElapsedCallback)
    HAL_TIM_PWM_ConfigChannel                0x08002e39   Thumb Code   544  stm32f4xx_hal_tim.o(.text.HAL_TIM_PWM_ConfigChannel)
    HAL_TIM_PWM_Init                         0x08003059   Thumb Code    90  stm32f4xx_hal_tim.o(.text.HAL_TIM_PWM_Init)
    HAL_TIM_PWM_MspInit                      0x080030b5   Thumb Code     2  stm32f4xx_hal_tim.o(.text.HAL_TIM_PWM_MspInit)
    HAL_TIM_PWM_PulseFinishedCallback        0x080030b9   Thumb Code     2  stm32f4xx_hal_tim.o(.text.HAL_TIM_PWM_PulseFinishedCallback)
    HAL_TIM_PeriodElapsedCallback            0x080030bd   Thumb Code    18  main.o(.text.HAL_TIM_PeriodElapsedCallback)
    HAL_TIM_TriggerCallback                  0x080030d1   Thumb Code     2  stm32f4xx_hal_tim.o(.text.HAL_TIM_TriggerCallback)
    HardFault_Handler                        0x080030d5   Thumb Code     2  stm32f4xx_it.o(.text.HardFault_Handler)
    MX_DMA_Init                              0x080030d9   Thumb Code    72  dma.o(.text.MX_DMA_Init)
    MX_FREERTOS_Init                         0x08003121   Thumb Code    84  freertos.o(.text.MX_FREERTOS_Init)
    MX_GPIO_Init                             0x080031ad   Thumb Code   228  gpio.o(.text.MX_GPIO_Init)
    MX_SPI1_Init                             0x08003291   Thumb Code    82  spi.o(.text.MX_SPI1_Init)
    MX_TIM10_Init                            0x080032e5   Thumb Code   196  tim.o(.text.MX_TIM10_Init)
    MX_USB_DEVICE_Init                       0x080033a9   Thumb Code   114  usb_device.o(.text.MX_USB_DEVICE_Init)
    MemManage_Handler                        0x0800341d   Thumb Code     2  stm32f4xx_it.o(.text.MemManage_Handler)
    NMI_Handler                              0x08003421   Thumb Code     2  stm32f4xx_it.o(.text.NMI_Handler)
    OTG_FS_IRQHandler                        0x08003425   Thumb Code    12  stm32f4xx_it.o(.text.OTG_FS_IRQHandler)
    PendSV_Handler                           0x08003431   Thumb Code   100  port.o(.text.PendSV_Handler)
    SVC_Handler                              0x080035c1   Thumb Code    36  port.o(.text.SVC_Handler)
    StartDefaultTask                         0x080035e5   Thumb Code    12  freertos.o(.text.StartDefaultTask)
    SysTick_Handler                          0x080035f1   Thumb Code    46  port.o(.text.SysTick_Handler)
    SystemClock_Config                       0x08003621   Thumb Code   168  main.o(.text.SystemClock_Config)
    SystemInit                               0x080036c9   Thumb Code    18  system_stm32f4xx.o(.text.SystemInit)
    TIM1_UP_TIM10_IRQHandler                 0x080036dd   Thumb Code    30  stm32f4xx_it.o(.text.TIM1_UP_TIM10_IRQHandler)
    TIM_Base_SetConfig                       0x080036fd   Thumb Code   314  stm32f4xx_hal_tim.o(.text.TIM_Base_SetConfig)
    USBD_CDC_GetDeviceQualifierDescriptor    0x08003985   Thumb Code    16  usbd_cdc.o(.text.USBD_CDC_GetDeviceQualifierDescriptor)
    USBD_CDC_ReceivePacket                   0x08003b5d   Thumb Code    52  usbd_cdc.o(.text.USBD_CDC_ReceivePacket)
    USBD_CDC_RegisterInterface               0x08003b91   Thumb Code    24  usbd_cdc.o(.text.USBD_CDC_RegisterInterface)
    USBD_CDC_SetRxBuffer                     0x08003ba9   Thumb Code    26  usbd_cdc.o(.text.USBD_CDC_SetRxBuffer)
    USBD_CDC_SetTxBuffer                     0x08003bc5   Thumb Code    30  usbd_cdc.o(.text.USBD_CDC_SetTxBuffer)
    USBD_CDC_TransmitPacket                  0x08003ccd   Thumb Code    68  usbd_cdc.o(.text.USBD_CDC_TransmitPacket)
    USBD_ClrClassConfig                      0x08003d11   Thumb Code    18  usbd_core.o(.text.USBD_ClrClassConfig)
    USBD_CoreFindEP                          0x08003d25   Thumb Code     4  usbd_core.o(.text.USBD_CoreFindEP)
    USBD_CoreFindIF                          0x08003d29   Thumb Code     4  usbd_core.o(.text.USBD_CoreFindIF)
    USBD_CtlContinueRx                       0x08003d2d   Thumb Code    16  usbd_ioreq.o(.text.USBD_CtlContinueRx)
    USBD_CtlContinueSendData                 0x08003d3d   Thumb Code    16  usbd_ioreq.o(.text.USBD_CtlContinueSendData)
    USBD_CtlError                            0x08003d4d   Thumb Code    22  usbd_ctlreq.o(.text.USBD_CtlError)
    USBD_CtlPrepareRx                        0x08003d65   Thumb Code    30  usbd_ioreq.o(.text.USBD_CtlPrepareRx)
    USBD_CtlReceiveStatus                    0x08003d85   Thumb Code    22  usbd_ioreq.o(.text.USBD_CtlReceiveStatus)
    USBD_CtlSendData                         0x08003d9d   Thumb Code    28  usbd_ioreq.o(.text.USBD_CtlSendData)
    USBD_CtlSendStatus                       0x08003db9   Thumb Code    22  usbd_ioreq.o(.text.USBD_CtlSendStatus)
    USBD_FS_ConfigStrDescriptor              0x08003dd1   Thumb Code    24  usbd_desc.o(.text.USBD_FS_ConfigStrDescriptor)
    USBD_FS_DeviceDescriptor                 0x08003df5   Thumb Code    14  usbd_desc.o(.text.USBD_FS_DeviceDescriptor)
    USBD_FS_InterfaceStrDescriptor           0x08003e05   Thumb Code    24  usbd_desc.o(.text.USBD_FS_InterfaceStrDescriptor)
    USBD_FS_LangIDStrDescriptor              0x08003e2d   Thumb Code    14  usbd_desc.o(.text.USBD_FS_LangIDStrDescriptor)
    USBD_FS_ManufacturerStrDescriptor        0x08003e3d   Thumb Code    24  usbd_desc.o(.text.USBD_FS_ManufacturerStrDescriptor)
    USBD_FS_ProductStrDescriptor             0x08003e59   Thumb Code    24  usbd_desc.o(.text.USBD_FS_ProductStrDescriptor)
    USBD_FS_SerialStrDescriptor              0x08003e89   Thumb Code   368  usbd_desc.o(.text.USBD_FS_SerialStrDescriptor)
    USBD_GetEpDesc                           0x08003ff9   Thumb Code   132  usbd_core.o(.text.USBD_GetEpDesc)
    USBD_GetString                           0x0800407d   Thumb Code   254  usbd_ctlreq.o(.text.USBD_GetString)
    USBD_Init                                0x0800417d   Thumb Code    42  usbd_core.o(.text.USBD_Init)
    USBD_LL_ClearStallEP                     0x080041a9   Thumb Code    34  usbd_conf.o(.text.USBD_LL_ClearStallEP)
    USBD_LL_CloseEP                          0x080041cd   Thumb Code    34  usbd_conf.o(.text.USBD_LL_CloseEP)
    USBD_LL_DataInStage                      0x080041f1   Thumb Code   186  usbd_core.o(.text.USBD_LL_DataInStage)
    USBD_LL_DataOutStage                     0x080042ad   Thumb Code   124  usbd_core.o(.text.USBD_LL_DataOutStage)
    USBD_LL_DevConnected                     0x08004329   Thumb Code     4  usbd_core.o(.text.USBD_LL_DevConnected)
    USBD_LL_DevDisconnected                  0x0800432d   Thumb Code    34  usbd_core.o(.text.USBD_LL_DevDisconnected)
    USBD_LL_GetRxDataSize                    0x08004351   Thumb Code     8  usbd_conf.o(.text.USBD_LL_GetRxDataSize)
    USBD_LL_Init                             0x08004359   Thumb Code   110  usbd_conf.o(.text.USBD_LL_Init)
    USBD_LL_IsStallEP                        0x080043c9   Thumb Code    42  usbd_conf.o(.text.USBD_LL_IsStallEP)
    USBD_LL_IsoINIncomplete                  0x080043f5   Thumb Code    44  usbd_core.o(.text.USBD_LL_IsoINIncomplete)
    USBD_LL_IsoOUTIncomplete                 0x08004421   Thumb Code    44  usbd_core.o(.text.USBD_LL_IsoOUTIncomplete)
    USBD_LL_OpenEP                           0x0800444d   Thumb Code    40  usbd_conf.o(.text.USBD_LL_OpenEP)
    USBD_LL_PrepareReceive                   0x08004475   Thumb Code    34  usbd_conf.o(.text.USBD_LL_PrepareReceive)
    USBD_LL_Reset                            0x08004499   Thumb Code    98  usbd_core.o(.text.USBD_LL_Reset)
    USBD_LL_Resume                           0x080044fd   Thumb Code    20  usbd_core.o(.text.USBD_LL_Resume)
    USBD_LL_SOF                              0x08004511   Thumb Code    30  usbd_core.o(.text.USBD_LL_SOF)
    USBD_LL_SetSpeed                         0x08004531   Thumb Code     8  usbd_core.o(.text.USBD_LL_SetSpeed)
    USBD_LL_SetUSBAddress                    0x08004539   Thumb Code    34  usbd_conf.o(.text.USBD_LL_SetUSBAddress)
    USBD_LL_SetupStage                       0x0800455d   Thumb Code    98  usbd_core.o(.text.USBD_LL_SetupStage)
    USBD_LL_StallEP                          0x080045c1   Thumb Code    34  usbd_conf.o(.text.USBD_LL_StallEP)
    USBD_LL_Start                            0x080045e5   Thumb Code    34  usbd_conf.o(.text.USBD_LL_Start)
    USBD_LL_Suspend                          0x08004609   Thumb Code    28  usbd_core.o(.text.USBD_LL_Suspend)
    USBD_LL_Transmit                         0x08004625   Thumb Code    34  usbd_conf.o(.text.USBD_LL_Transmit)
    USBD_ParseSetupRequest                   0x08004649   Thumb Code    22  usbd_ctlreq.o(.text.USBD_ParseSetupRequest)
    USBD_RegisterClass                       0x08004661   Thumb Code    66  usbd_core.o(.text.USBD_RegisterClass)
    USBD_SetClassConfig                      0x080046a5   Thumb Code    16  usbd_core.o(.text.USBD_SetClassConfig)
    USBD_Start                               0x080046b5   Thumb Code     4  usbd_core.o(.text.USBD_Start)
    USBD_StdDevReq                           0x080046b9   Thumb Code   888  usbd_ctlreq.o(.text.USBD_StdDevReq)
    USBD_StdEPReq                            0x08004a31   Thumb Code   348  usbd_ctlreq.o(.text.USBD_StdEPReq)
    USBD_StdItfReq                           0x08004b8d   Thumb Code   112  usbd_ctlreq.o(.text.USBD_StdItfReq)
    USBD_static_free                         0x08004bfd   Thumb Code     2  usbd_conf.o(.text.USBD_static_free)
    USBD_static_malloc                       0x08004c01   Thumb Code    10  usbd_conf.o(.text.USBD_static_malloc)
    USB_ActivateEndpoint                     0x08004c0d   Thumb Code   130  stm32f4xx_ll_usb.o(.text.USB_ActivateEndpoint)
    USB_ActivateSetup                        0x08004c91   Thumb Code    32  stm32f4xx_ll_usb.o(.text.USB_ActivateSetup)
    USB_CoreInit                             0x08004cb1   Thumb Code   630  stm32f4xx_ll_usb.o(.text.USB_CoreInit)
    USB_DeactivateEndpoint                   0x08004f29   Thumb Code   130  stm32f4xx_ll_usb.o(.text.USB_DeactivateEndpoint)
    USB_DevConnect                           0x08004fad   Thumb Code    30  stm32f4xx_ll_usb.o(.text.USB_DevConnect)
    USB_DevDisconnect                        0x08004fcd   Thumb Code    30  stm32f4xx_ll_usb.o(.text.USB_DevDisconnect)
    USB_DevInit                              0x08004fed   Thumb Code  1206  stm32f4xx_ll_usb.o(.text.USB_DevInit)
    USB_DisableGlobalInt                     0x080054a5   Thumb Code    14  stm32f4xx_ll_usb.o(.text.USB_DisableGlobalInt)
    USB_EP0_OutStart                         0x080054b5   Thumb Code    90  stm32f4xx_ll_usb.o(.text.USB_EP0_OutStart)
    USB_EPClearStall                         0x08005511   Thumb Code    82  stm32f4xx_ll_usb.o(.text.USB_EPClearStall)
    USB_EPSetStall                           0x08005565   Thumb Code    62  stm32f4xx_ll_usb.o(.text.USB_EPSetStall)
    USB_EPStartXfer                          0x080055a5   Thumb Code   570  stm32f4xx_ll_usb.o(.text.USB_EPStartXfer)
    USB_EPStopXfer                           0x080057e1   Thumb Code   270  stm32f4xx_ll_usb.o(.text.USB_EPStopXfer)
    USB_EnableGlobalInt                      0x080058f1   Thumb Code    14  stm32f4xx_ll_usb.o(.text.USB_EnableGlobalInt)
    USB_FlushTxFifo                          0x08005901   Thumb Code   190  stm32f4xx_ll_usb.o(.text.USB_FlushTxFifo)
    USB_GetDevSpeed                          0x080059c1   Thumb Code    26  stm32f4xx_ll_usb.o(.text.USB_GetDevSpeed)
    USB_GetMode                              0x080059dd   Thumb Code     8  stm32f4xx_ll_usb.o(.text.USB_GetMode)
    USB_ReadDevAllInEpInterrupt              0x080059e5   Thumb Code    14  stm32f4xx_ll_usb.o(.text.USB_ReadDevAllInEpInterrupt)
    USB_ReadDevAllOutEpInterrupt             0x080059f5   Thumb Code    14  stm32f4xx_ll_usb.o(.text.USB_ReadDevAllOutEpInterrupt)
    USB_ReadDevInEPInterrupt                 0x08005a05   Thumb Code    36  stm32f4xx_ll_usb.o(.text.USB_ReadDevInEPInterrupt)
    USB_ReadDevOutEPInterrupt                0x08005a29   Thumb Code    16  stm32f4xx_ll_usb.o(.text.USB_ReadDevOutEPInterrupt)
    USB_ReadInterrupts                       0x08005a39   Thumb Code     8  stm32f4xx_ll_usb.o(.text.USB_ReadInterrupts)
    USB_ReadPacket                           0x08005a41   Thumb Code   170  stm32f4xx_ll_usb.o(.text.USB_ReadPacket)
    USB_SetCurrentMode                       0x08005aed   Thumb Code   872  stm32f4xx_ll_usb.o(.text.USB_SetCurrentMode)
    USB_SetDevAddress                        0x08005e55   Thumb Code    34  stm32f4xx_ll_usb.o(.text.USB_SetDevAddress)
    USB_SetTurnaroundTime                    0x08005e79   Thumb Code   280  stm32f4xx_ll_usb.o(.text.USB_SetTurnaroundTime)
    USB_WritePacket                          0x08005f91   Thumb Code   106  stm32f4xx_ll_usb.o(.text.USB_WritePacket)
    UsageFault_Handler                       0x08005ffd   Thumb Code     2  stm32f4xx_it.o(.text.UsageFault_Handler)
    bmi088_accel_init                        0x08006001   Thumb Code   594  bmi088driver.o(.text.bmi088_accel_init)
    bmi088_gyro_init                         0x08006255   Thumb Code   536  bmi088driver.o(.text.bmi088_gyro_init)
    main                                     0x0800646d   Thumb Code    34  main.o(.text.main)
    osDelay                                  0x08006491   Thumb Code    16  cmsis_os.o(.text.osDelay)
    osKernelStart                            0x080064a1   Thumb Code    10  cmsis_os.o(.text.osKernelStart)
    osThreadCreate                           0x080064ad   Thumb Code    92  cmsis_os.o(.text.osThreadCreate)
    pvPortMalloc                             0x080067e9   Thumb Code   488  heap_4.o(.text.pvPortMalloc)
    pxPortInitialiseStack                    0x080069d1   Thumb Code    36  port.o(.text.pxPortInitialiseStack)
    usb_data_send                            0x080069f5   Thumb Code     4  bsp_usb.o(.text.usb_data_send)
    usb_init                                 0x080069f9   Thumb Code    22  bsp_usb.o(.text.usb_init)
    usb_task                                 0x08006a11   Thumb Code    66  usb_task.o(.text.usb_task)
    uxListRemove                             0x08006a55   Thumb Code    34  list.o(.text.uxListRemove)
    vApplicationGetIdleTaskMemory            0x08006a79   Thumb Code    26  freertos.o(.text.vApplicationGetIdleTaskMemory)
    vListInitialise                          0x08006a95   Thumb Code    22  list.o(.text.vListInitialise)
    vListInitialiseItem                      0x08006aad   Thumb Code     6  list.o(.text.vListInitialiseItem)
    vListInsert                              0x08006ab5   Thumb Code    98  list.o(.text.vListInsert)
    vListInsertEnd                           0x08006b19   Thumb Code    26  list.o(.text.vListInsertEnd)
    vPortEnterCritical                       0x08006b49   Thumb Code    70  port.o(.text.vPortEnterCritical)
    vPortExitCritical                        0x08006b91   Thumb Code    46  port.o(.text.vPortExitCritical)
    vPortFree                                0x08006bc1   Thumb Code   222  heap_4.o(.text.vPortFree)
    vPortSetupTimerInterrupt                 0x08006ca1   Thumb Code    52  port.o(.text.vPortSetupTimerInterrupt)
    vTaskDelay                               0x08006cd5   Thumb Code   158  tasks.o(.text.vTaskDelay)
    vTaskStartScheduler                      0x08006d75   Thumb Code   196  tasks.o(.text.vTaskStartScheduler)
    vTaskSuspendAll                          0x08006e41   Thumb Code    16  tasks.o(.text.vTaskSuspendAll)
    vTaskSwitchContext                       0x08006e51   Thumb Code   110  tasks.o(.text.vTaskSwitchContext)
    xPortStartScheduler                      0x08006ec1   Thumb Code   392  port.o(.text.xPortStartScheduler)
    xTaskCreate                              0x08007049   Thumb Code    96  tasks.o(.text.xTaskCreate)
    xTaskCreateStatic                        0x080070a9   Thumb Code   118  tasks.o(.text.xTaskCreateStatic)
    xTaskIncrementTick                       0x08007121   Thumb Code   262  tasks.o(.text.xTaskIncrementTick)
    xTaskResumeAll                           0x08007229   Thumb Code   234  tasks.o(.text.xTaskResumeAll)
    _fp_init                                 0x08007313   Thumb Code    26  fpinit.o(x$fpl$fpinit)
    __fplib_config_fpu_vfp                   0x0800732b   Thumb Code     0  fpinit.o(x$fpl$fpinit)
    __fplib_config_pureend_doubles           0x0800732b   Thumb Code     0  fpinit.o(x$fpl$fpinit)
    AHBPrescTable                            0x0800732c   Data          16  system_stm32f4xx.o(.rodata.AHBPrescTable)
    APBPrescTable                            0x0800733c   Data           8  system_stm32f4xx.o(.rodata.APBPrescTable)
    Region$$Table$$Base                      0x08007388   Number         0  anon$$obj.o(Region$$Table)
    Region$$Table$$Limit                     0x080073a8   Number         0  anon$$obj.o(Region$$Table)
    uwTickFreq                               0x20000000   Data           1  stm32f4xx_hal.o(.data..L_MergedGlobals)
    uwTickPrio                               0x20000004   Data           4  stm32f4xx_hal.o(.data..L_MergedGlobals)
    BMI088_ACCEL_SEN                         0x20000008   Data           4  bmi088driver.o(.data..L_MergedGlobals)
    BMI088_GYRO_SEN                          0x2000000c   Data           4  bmi088driver.o(.data..L_MergedGlobals)
    FS_Desc                                  0x20000010   Data          28  usbd_desc.o(.data.FS_Desc)
    SystemCoreClock                          0x2000002c   Data           4  system_stm32f4xx.o(.data.SystemCoreClock)
    USBD_CDC                                 0x20000030   Data          56  usbd_cdc.o(.data.USBD_CDC)
    USBD_FS_DeviceDesc                       0x200000b8   Data          18  usbd_desc.o(.data.USBD_FS_DeviceDesc)
    USBD_Interface_fops_FS                   0x200000cc   Data          20  usbd_cdc_if.o(.data.USBD_Interface_fops_FS)
    USBD_LangIDDesc                          0x200000e0   Data           4  usbd_desc.o(.data.USBD_LangIDDesc)
    USBD_StringSerial                        0x200000e4   Data          26  usbd_desc.o(.data.USBD_StringSerial)
    sine_frame                               0x20000100   Data          28  usb_task.o(.data.sine_frame)
    __libspace_start                         0x20000120   Data          96  libspace.o(.bss)
    __temporary_stack_top$libspace           0x20000180   Data           0  libspace.o(.bss)
    defaultTaskHandle                        0x20000180   Data           4  freertos.o(.bss..L_MergedGlobals)
    USB_TASKHandle                           0x20000184   Data           4  freertos.o(.bss..L_MergedGlobals)
    pxCurrentTCB                             0x20000188   Data           4  tasks.o(.bss..L_MergedGlobals)
    temp                                     0x20000228   Data           4  usb_task.o(.bss..L_MergedGlobals)
    gyro                                     0x2000022c   Data          12  usb_task.o(.bss..L_MergedGlobals)
    accel                                    0x20000238   Data          12  usb_task.o(.bss..L_MergedGlobals)
    USBD_StrDesc                             0x20000270   Data         512  usbd_desc.o(.bss.USBD_StrDesc)
    UserRxBufferFS                           0x20000690   Data        2048  usbd_cdc_if.o(.bss.UserRxBufferFS)
    UserTxBufferFS                           0x20000e90   Data        2048  usbd_cdc_if.o(.bss.UserTxBufferFS)
    hUsbDeviceFS                             0x20001690   Data         732  usb_device.o(.bss.hUsbDeviceFS)
    hdma_spi1_rx                             0x2000196c   Data          96  spi.o(.bss.hdma_spi1_rx)
    hdma_spi1_tx                             0x200019cc   Data          96  spi.o(.bss.hdma_spi1_tx)
    hpcd_USB_OTG_FS                          0x20001a2c   Data        1252  usbd_conf.o(.bss.hpcd_USB_OTG_FS)
    hspi1                                    0x20001f10   Data          88  spi.o(.bss.hspi1)
    htim1                                    0x20001f68   Data          72  stm32f4xx_hal_timebase_tim.o(.bss.htim1)
    htim10                                   0x20001fb0   Data          72  tim.o(.bss.htim10)
    usb_cdc_data                             0x20005c84   Data        4100  bsp_usb.o(.bss.usb_cdc_data)
    uwTick                                   0x20006c88   Data           4  stm32f4xx_hal.o(.bss.uwTick)



==============================================================================

Memory Map of the image

  Image Entry point : 0x08000189

  Load Region LR_IROM1 (Base: 0x08000000, Size: 0x000074c8, Max: 0x00100000, ABSOLUTE)

    Execution Region ER_IROM1 (Exec base: 0x08000000, Load base: 0x08000000, Size: 0x000073a8, Max: 0x00100000, ABSOLUTE)

    Exec Addr    Load Addr    Size         Type   Attr      Idx    E Section Name        Object

    0x08000000   0x08000000   0x00000188   Data   RO            3    RESET               startup_stm32f407xx.o
    0x08000188   0x08000188   0x00000008   Code   RO         1954  * !!!main             c_w.l(__main.o)
    0x08000190   0x08000190   0x0000005c   Code   RO         2133    !!!scatter          c_w.l(__scatter.o)
    0x080001ec   0x080001ec   0x0000001a   Code   RO         2137    !!handler_copy      c_w.l(__scatter_copy.o)
    0x08000206   0x08000206   0x00000002   PAD
    0x08000208   0x08000208   0x00000002   Code   RO         2134    !!handler_null      c_w.l(__scatter.o)
    0x0800020a   0x0800020a   0x00000002   PAD
    0x0800020c   0x0800020c   0x0000001c   Code   RO         2139    !!handler_zi        c_w.l(__scatter_zi.o)
    0x08000228   0x08000228   0x00000002   Code   RO         1995    .ARM.Collect$$libinit$$00000000  c_w.l(libinit.o)
    0x0800022a   0x0800022a   0x00000004   Code   RO         2007    .ARM.Collect$$libinit$$00000001  c_w.l(libinit2.o)
    0x0800022e   0x0800022e   0x00000000   Code   RO         2010    .ARM.Collect$$libinit$$00000004  c_w.l(libinit2.o)
    0x0800022e   0x0800022e   0x00000000   Code   RO         2012    .ARM.Collect$$libinit$$00000006  c_w.l(libinit2.o)
    0x0800022e   0x0800022e   0x00000000   Code   RO         2015    .ARM.Collect$$libinit$$0000000C  c_w.l(libinit2.o)
    0x0800022e   0x0800022e   0x00000000   Code   RO         2017    .ARM.Collect$$libinit$$0000000E  c_w.l(libinit2.o)
    0x0800022e   0x0800022e   0x00000000   Code   RO         2019    .ARM.Collect$$libinit$$00000010  c_w.l(libinit2.o)
    0x0800022e   0x0800022e   0x00000000   Code   RO         2022    .ARM.Collect$$libinit$$00000013  c_w.l(libinit2.o)
    0x0800022e   0x0800022e   0x00000000   Code   RO         2024    .ARM.Collect$$libinit$$00000015  c_w.l(libinit2.o)
    0x0800022e   0x0800022e   0x00000000   Code   RO         2026    .ARM.Collect$$libinit$$00000017  c_w.l(libinit2.o)
    0x0800022e   0x0800022e   0x00000000   Code   RO         2028    .ARM.Collect$$libinit$$00000019  c_w.l(libinit2.o)
    0x0800022e   0x0800022e   0x00000000   Code   RO         2030    .ARM.Collect$$libinit$$0000001B  c_w.l(libinit2.o)
    0x0800022e   0x0800022e   0x00000000   Code   RO         2032    .ARM.Collect$$libinit$$0000001D  c_w.l(libinit2.o)
    0x0800022e   0x0800022e   0x00000000   Code   RO         2034    .ARM.Collect$$libinit$$0000001F  c_w.l(libinit2.o)
    0x0800022e   0x0800022e   0x00000000   Code   RO         2036    .ARM.Collect$$libinit$$00000021  c_w.l(libinit2.o)
    0x0800022e   0x0800022e   0x00000000   Code   RO         2038    .ARM.Collect$$libinit$$00000023  c_w.l(libinit2.o)
    0x0800022e   0x0800022e   0x00000000   Code   RO         2040    .ARM.Collect$$libinit$$00000025  c_w.l(libinit2.o)
    0x0800022e   0x0800022e   0x00000000   Code   RO         2042    .ARM.Collect$$libinit$$00000027  c_w.l(libinit2.o)
    0x0800022e   0x0800022e   0x00000000   Code   RO         2046    .ARM.Collect$$libinit$$0000002E  c_w.l(libinit2.o)
    0x0800022e   0x0800022e   0x00000000   Code   RO         2048    .ARM.Collect$$libinit$$00000030  c_w.l(libinit2.o)
    0x0800022e   0x0800022e   0x00000000   Code   RO         2050    .ARM.Collect$$libinit$$00000032  c_w.l(libinit2.o)
    0x0800022e   0x0800022e   0x00000000   Code   RO         2052    .ARM.Collect$$libinit$$00000034  c_w.l(libinit2.o)
    0x0800022e   0x0800022e   0x00000002   Code   RO         2053    .ARM.Collect$$libinit$$00000035  c_w.l(libinit2.o)
    0x08000230   0x08000230   0x00000002   Code   RO         2088    .ARM.Collect$$libshutdown$$00000000  c_w.l(libshutdown.o)
    0x08000232   0x08000232   0x00000000   Code   RO         2116    .ARM.Collect$$libshutdown$$00000002  c_w.l(libshutdown2.o)
    0x08000232   0x08000232   0x00000000   Code   RO         2118    .ARM.Collect$$libshutdown$$00000004  c_w.l(libshutdown2.o)
    0x08000232   0x08000232   0x00000000   Code   RO         2121    .ARM.Collect$$libshutdown$$00000007  c_w.l(libshutdown2.o)
    0x08000232   0x08000232   0x00000000   Code   RO         2124    .ARM.Collect$$libshutdown$$0000000A  c_w.l(libshutdown2.o)
    0x08000232   0x08000232   0x00000000   Code   RO         2126    .ARM.Collect$$libshutdown$$0000000C  c_w.l(libshutdown2.o)
    0x08000232   0x08000232   0x00000000   Code   RO         2129    .ARM.Collect$$libshutdown$$0000000F  c_w.l(libshutdown2.o)
    0x08000232   0x08000232   0x00000002   Code   RO         2130    .ARM.Collect$$libshutdown$$00000010  c_w.l(libshutdown2.o)
    0x08000234   0x08000234   0x00000000   Code   RO         1956    .ARM.Collect$$rtentry$$00000000  c_w.l(__rtentry.o)
    0x08000234   0x08000234   0x00000000   Code   RO         1966    .ARM.Collect$$rtentry$$00000002  c_w.l(__rtentry2.o)
    0x08000234   0x08000234   0x00000006   Code   RO         1978    .ARM.Collect$$rtentry$$00000004  c_w.l(__rtentry4.o)
    0x0800023a   0x0800023a   0x00000000   Code   RO         1968    .ARM.Collect$$rtentry$$00000009  c_w.l(__rtentry2.o)
    0x0800023a   0x0800023a   0x00000004   Code   RO         1969    .ARM.Collect$$rtentry$$0000000A  c_w.l(__rtentry2.o)
    0x0800023e   0x0800023e   0x00000000   Code   RO         1971    .ARM.Collect$$rtentry$$0000000C  c_w.l(__rtentry2.o)
    0x0800023e   0x0800023e   0x00000008   Code   RO         1972    .ARM.Collect$$rtentry$$0000000D  c_w.l(__rtentry2.o)
    0x08000246   0x08000246   0x00000002   Code   RO         1999    .ARM.Collect$$rtexit$$00000000  c_w.l(rtexit.o)
    0x08000248   0x08000248   0x00000000   Code   RO         2059    .ARM.Collect$$rtexit$$00000002  c_w.l(rtexit2.o)
    0x08000248   0x08000248   0x00000004   Code   RO         2060    .ARM.Collect$$rtexit$$00000003  c_w.l(rtexit2.o)
    0x0800024c   0x0800024c   0x00000006   Code   RO         2061    .ARM.Collect$$rtexit$$00000004  c_w.l(rtexit2.o)
    0x08000252   0x08000252   0x00000002   PAD
    0x08000254   0x08000254   0x00000040   Code   RO            4    .text               startup_stm32f407xx.o
    0x08000294   0x08000294   0x000000f0   Code   RO         1944    .text               c_w.l(lludivv7m.o)
    0x08000384   0x08000384   0x0000004e   Code   RO         1950    .text               c_w.l(rt_memclr_w.o)
    0x080003d2   0x080003d2   0x00000006   Code   RO         1952    .text               c_w.l(heapauxi.o)
    0x080003d8   0x080003d8   0x0000004a   Code   RO         1982    .text               c_w.l(sys_stackheap_outer.o)
    0x08000422   0x08000422   0x00000012   Code   RO         1984    .text               c_w.l(exit.o)
    0x08000434   0x08000434   0x00000008   Code   RO         1996    .text               c_w.l(libspace.o)
    0x0800043c   0x0800043c   0x0000000c   Code   RO         2054    .text               c_w.l(sys_exit.o)
    0x08000448   0x08000448   0x00000002   Code   RO         2077    .text               c_w.l(use_no_semi.o)
    0x0800044a   0x0800044a   0x00000000   Code   RO         2079    .text               c_w.l(indicate_semi.o)
    0x0800044a   0x0800044a   0x00000002   PAD
    0x0800044c   0x0800044c   0x0000000e   Code   RO         1211    .text.BMI088_ACCEL_NS_H  bmi088middleware.o
    0x0800045a   0x0800045a   0x00000002   PAD
    0x0800045c   0x0800045c   0x0000000e   Code   RO         1209    .text.BMI088_ACCEL_NS_L  bmi088middleware.o
    0x0800046a   0x0800046a   0x00000002   PAD
    0x0800046c   0x0800046c   0x00000002   Code   RO         1201    .text.BMI088_GPIO_init  bmi088middleware.o
    0x0800046e   0x0800046e   0x00000002   PAD
    0x08000470   0x08000470   0x00000010   Code   RO         1215    .text.BMI088_GYRO_NS_H  bmi088middleware.o
    0x08000480   0x08000480   0x00000010   Code   RO         1213    .text.BMI088_GYRO_NS_L  bmi088middleware.o
    0x08000490   0x08000490   0x00000002   Code   RO         1203    .text.BMI088_com_init  bmi088middleware.o
    0x08000492   0x08000492   0x00000002   PAD
    0x08000494   0x08000494   0x000001e6   Code   RO         1205    .text.BMI088_delay_ms  bmi088middleware.o
    0x0800067a   0x0800067a   0x00000002   PAD
    0x0800067c   0x0800067c   0x0000004a   Code   RO         1207    .text.BMI088_delay_us  bmi088middleware.o
    0x080006c6   0x080006c6   0x00000002   PAD
    0x080006c8   0x080006c8   0x00000018   Code   RO         1182    .text.BMI088_init   bmi088driver.o
    0x080006e0   0x080006e0   0x0000019c   Code   RO         1188    .text.BMI088_read   bmi088driver.o
    0x0800087c   0x0800087c   0x0000002e   Code   RO         1217    .text.BMI088_read_write_byte  bmi088middleware.o
    0x080008aa   0x080008aa   0x00000002   PAD
    0x080008ac   0x080008ac   0x00000002   Code   RO          106    .text.BusFault_Handler  stm32f4xx_it.o
    0x080008ae   0x080008ae   0x00000002   PAD
    0x080008b0   0x080008b0   0x00000004   Code   RO         1279    .text.CDC_Control_FS  usbd_cdc_if.o
    0x080008b4   0x080008b4   0x00000004   Code   RO         1277    .text.CDC_DeInit_FS  usbd_cdc_if.o
    0x080008b8   0x080008b8   0x0000002c   Code   RO         1275    .text.CDC_Init_FS   usbd_cdc_if.o
    0x080008e4   0x080008e4   0x0000001c   Code   RO         1281    .text.CDC_Receive_FS  usbd_cdc_if.o
    0x08000900   0x08000900   0x00000004   Code   RO         1283    .text.CDC_TransmitCplt_FS  usbd_cdc_if.o
    0x08000904   0x08000904   0x00000036   Code   RO         1285    .text.CDC_Transmit_FS  usbd_cdc_if.o
    0x0800093a   0x0800093a   0x00000002   PAD
    0x0800093c   0x0800093c   0x0000000c   Code   RO          114    .text.DMA2_Stream2_IRQHandler  stm32f4xx_it.o
    0x08000948   0x08000948   0x0000000c   Code   RO          116    .text.DMA2_Stream3_IRQHandler  stm32f4xx_it.o
    0x08000954   0x08000954   0x00000002   Code   RO          110    .text.DebugMon_Handler  stm32f4xx_it.o
    0x08000956   0x08000956   0x00000002   PAD
    0x08000958   0x08000958   0x00000006   Code   RO           15    .text.Error_Handler  main.o
    0x0800095e   0x0800095e   0x00000002   PAD
    0x08000960   0x08000960   0x000001c4   Code   RO          830    .text.HAL_DMA_IRQHandler  stm32f4xx_hal_dma.o
    0x08000b24   0x08000b24   0x00000162   Code   RO          816    .text.HAL_DMA_Init  stm32f4xx_hal_dma.o
    0x08000c86   0x08000c86   0x00000002   PAD
    0x08000c88   0x08000c88   0x00000028   Code   RO          983    .text.HAL_Delay     stm32f4xx_hal.o
    0x08000cb0   0x08000cb0   0x0000019e   Code   RO          778    .text.HAL_GPIO_Init  stm32f4xx_hal_gpio.o
    0x08000e4e   0x08000e4e   0x00000002   PAD
    0x08000e50   0x08000e50   0x0000000a   Code   RO          784    .text.HAL_GPIO_WritePin  stm32f4xx_hal_gpio.o
    0x08000e5a   0x08000e5a   0x00000002   PAD
    0x08000e5c   0x08000e5c   0x0000000c   Code   RO          975    .text.HAL_GetTick   stm32f4xx_hal.o
    0x08000e68   0x08000e68   0x0000001a   Code   RO          973    .text.HAL_IncTick   stm32f4xx_hal.o
    0x08000e82   0x08000e82   0x00000002   PAD
    0x08000e84   0x08000e84   0x00000036   Code   RO          963    .text.HAL_Init      stm32f4xx_hal.o
    0x08000eba   0x08000eba   0x00000002   PAD
    0x08000ebc   0x08000ebc   0x000000a6   Code   RO          136    .text.HAL_InitTick  stm32f4xx_hal_timebase_tim.o
    0x08000f62   0x08000f62   0x00000002   PAD
    0x08000f64   0x08000f64   0x00000042   Code   RO          127    .text.HAL_MspInit   stm32f4xx_hal_msp.o
    0x08000fa6   0x08000fa6   0x00000002   PAD
    0x08000fa8   0x08000fa8   0x00000022   Code   RO          915    .text.HAL_NVIC_EnableIRQ  stm32f4xx_hal_cortex.o
    0x08000fca   0x08000fca   0x00000002   PAD
    0x08000fcc   0x08000fcc   0x00000056   Code   RO          913    .text.HAL_NVIC_SetPriority  stm32f4xx_hal_cortex.o
    0x08001022   0x08001022   0x00000002   PAD
    0x08001024   0x08001024   0x00000020   Code   RO          911    .text.HAL_NVIC_SetPriorityGrouping  stm32f4xx_hal_cortex.o
    0x08001044   0x08001044   0x00000002   Code   RO          552    .text.HAL_PCDEx_LPM_Callback  stm32f4xx_hal_pcd_ex.o
    0x08001046   0x08001046   0x00000002   PAD
    0x08001048   0x08001048   0x00000008   Code   RO          550    .text.HAL_PCDEx_SetRxFiFo  stm32f4xx_hal_pcd_ex.o
    0x08001050   0x08001050   0x000000ce   Code   RO          548    .text.HAL_PCDEx_SetTxFiFo  stm32f4xx_hal_pcd_ex.o
    0x0800111e   0x0800111e   0x00000002   PAD
    0x08001120   0x08001120   0x00000008   Code   RO         1320    .text.HAL_PCD_ConnectCallback  usbd_conf.o
    0x08001128   0x08001128   0x00000014   Code   RO         1306    .text.HAL_PCD_DataInStageCallback  usbd_conf.o
    0x0800113c   0x0800113c   0x00000016   Code   RO         1304    .text.HAL_PCD_DataOutStageCallback  usbd_conf.o
    0x08001152   0x08001152   0x00000002   PAD
    0x08001154   0x08001154   0x00000008   Code   RO         1322    .text.HAL_PCD_DisconnectCallback  usbd_conf.o
    0x0800115c   0x0800115c   0x00000050   Code   RO          518    .text.HAL_PCD_EP_Close  stm32f4xx_hal_pcd.o
    0x080011ac   0x080011ac   0x0000005e   Code   RO          528    .text.HAL_PCD_EP_ClrStall  stm32f4xx_hal_pcd.o
    0x0800120a   0x0800120a   0x00000002   PAD
    0x0800120c   0x0800120c   0x00000012   Code   RO          522    .text.HAL_PCD_EP_GetRxCount  stm32f4xx_hal_pcd.o
    0x0800121e   0x0800121e   0x00000002   PAD
    0x08001220   0x08001220   0x00000074   Code   RO          516    .text.HAL_PCD_EP_Open  stm32f4xx_hal_pcd.o
    0x08001294   0x08001294   0x00000042   Code   RO          520    .text.HAL_PCD_EP_Receive  stm32f4xx_hal_pcd.o
    0x080012d6   0x080012d6   0x00000002   PAD
    0x080012d8   0x080012d8   0x0000006e   Code   RO          526    .text.HAL_PCD_EP_SetStall  stm32f4xx_hal_pcd.o
    0x08001346   0x08001346   0x00000002   PAD
    0x08001348   0x08001348   0x0000003a   Code   RO          524    .text.HAL_PCD_EP_Transmit  stm32f4xx_hal_pcd.o
    0x08001382   0x08001382   0x00000002   PAD
    0x08001384   0x08001384   0x000008fe   Code   RO          482    .text.HAL_PCD_IRQHandler  stm32f4xx_hal_pcd.o
    0x08001c82   0x08001c82   0x00000002   PAD
    0x08001c84   0x08001c84   0x00000008   Code   RO         1318    .text.HAL_PCD_ISOINIncompleteCallback  usbd_conf.o
    0x08001c8c   0x08001c8c   0x00000008   Code   RO         1316    .text.HAL_PCD_ISOOUTIncompleteCallback  usbd_conf.o
    0x08001c94   0x08001c94   0x0000026e   Code   RO          470    .text.HAL_PCD_Init  stm32f4xx_hal_pcd.o
    0x08001f02   0x08001f02   0x00000002   PAD
    0x08001f04   0x08001f04   0x00000088   Code   RO         1298    .text.HAL_PCD_MspInit  usbd_conf.o
    0x08001f8c   0x08001f8c   0x0000002a   Code   RO         1310    .text.HAL_PCD_ResetCallback  usbd_conf.o
    0x08001fb6   0x08001fb6   0x00000002   PAD
    0x08001fb8   0x08001fb8   0x00000008   Code   RO         1314    .text.HAL_PCD_ResumeCallback  usbd_conf.o
    0x08001fc0   0x08001fc0   0x00000008   Code   RO         1308    .text.HAL_PCD_SOFCallback  usbd_conf.o
    0x08001fc8   0x08001fc8   0x00000028   Code   RO          514    .text.HAL_PCD_SetAddress  stm32f4xx_hal_pcd.o
    0x08001ff0   0x08001ff0   0x0000000e   Code   RO         1302    .text.HAL_PCD_SetupStageCallback  usbd_conf.o
    0x08001ffe   0x08001ffe   0x00000002   PAD
    0x08002000   0x08002000   0x0000003e   Code   RO          478    .text.HAL_PCD_Start  stm32f4xx_hal_pcd.o
    0x0800203e   0x0800203e   0x00000002   PAD
    0x08002040   0x08002040   0x00000034   Code   RO         1312    .text.HAL_PCD_SuspendCallback  usbd_conf.o
    0x08002074   0x08002074   0x00000164   Code   RO          672    .text.HAL_RCC_ClockConfig  stm32f4xx_hal_rcc.o
    0x080021d8   0x080021d8   0x0000003e   Code   RO          690    .text.HAL_RCC_GetClockConfig  stm32f4xx_hal_rcc.o
    0x08002216   0x08002216   0x00000002   PAD
    0x08002218   0x08002218   0x0000000c   Code   RO          682    .text.HAL_RCC_GetHCLKFreq  stm32f4xx_hal_rcc.o
    0x08002224   0x08002224   0x00000026   Code   RO          686    .text.HAL_RCC_GetPCLK2Freq  stm32f4xx_hal_rcc.o
    0x0800224a   0x0800224a   0x00000002   PAD
    0x0800224c   0x0800224c   0x0000006e   Code   RO          674    .text.HAL_RCC_GetSysClockFreq  stm32f4xx_hal_rcc.o
    0x080022ba   0x080022ba   0x00000002   PAD
    0x080022bc   0x080022bc   0x000003ac   Code   RO          670    .text.HAL_RCC_OscConfig  stm32f4xx_hal_rcc.o
    0x08002668   0x08002668   0x000000b0   Code   RO         1053    .text.HAL_SPI_Init  stm32f4xx_hal_spi.o
    0x08002718   0x08002718   0x0000012e   Code   RO           68    .text.HAL_SPI_MspInit  spi.o
    0x08002846   0x08002846   0x00000002   PAD
    0x08002848   0x08002848   0x00000340   Code   RO         1065    .text.HAL_SPI_TransmitReceive  stm32f4xx_hal_spi.o
    0x08002b88   0x08002b88   0x00000002   Code   RO          456    .text.HAL_TIMEx_BreakCallback  stm32f4xx_hal_tim_ex.o
    0x08002b8a   0x08002b8a   0x00000002   PAD
    0x08002b8c   0x08002b8c   0x00000002   Code   RO          452    .text.HAL_TIMEx_CommutCallback  stm32f4xx_hal_tim_ex.o
    0x08002b8e   0x08002b8e   0x00000002   PAD
    0x08002b90   0x08002b90   0x0000005a   Code   RO          151    .text.HAL_TIM_Base_Init  stm32f4xx_hal_tim.o
    0x08002bea   0x08002bea   0x00000002   PAD
    0x08002bec   0x08002bec   0x00000048   Code   RO           87    .text.HAL_TIM_Base_MspInit  tim.o
    0x08002c34   0x08002c34   0x000000aa   Code   RO          165    .text.HAL_TIM_Base_Start_IT  stm32f4xx_hal_tim.o
    0x08002cde   0x08002cde   0x00000002   PAD
    0x08002ce0   0x08002ce0   0x00000002   Code   RO          287    .text.HAL_TIM_IC_CaptureCallback  stm32f4xx_hal_tim.o
    0x08002ce2   0x08002ce2   0x00000002   PAD
    0x08002ce4   0x08002ce4   0x0000014e   Code   RO          285    .text.HAL_TIM_IRQHandler  stm32f4xx_hal_tim.o
    0x08002e32   0x08002e32   0x00000002   PAD
    0x08002e34   0x08002e34   0x00000002   Code   RO          289    .text.HAL_TIM_OC_DelayElapsedCallback  stm32f4xx_hal_tim.o
    0x08002e36   0x08002e36   0x00000002   PAD
    0x08002e38   0x08002e38   0x00000220   Code   RO          305    .text.HAL_TIM_PWM_ConfigChannel  stm32f4xx_hal_tim.o
    0x08003058   0x08003058   0x0000005a   Code   RO          205    .text.HAL_TIM_PWM_Init  stm32f4xx_hal_tim.o
    0x080030b2   0x080030b2   0x00000002   PAD
    0x080030b4   0x080030b4   0x00000002   Code   RO          207    .text.HAL_TIM_PWM_MspInit  stm32f4xx_hal_tim.o
    0x080030b6   0x080030b6   0x00000002   PAD
    0x080030b8   0x080030b8   0x00000002   Code   RO          291    .text.HAL_TIM_PWM_PulseFinishedCallback  stm32f4xx_hal_tim.o
    0x080030ba   0x080030ba   0x00000002   PAD
    0x080030bc   0x080030bc   0x00000012   Code   RO           17    .text.HAL_TIM_PeriodElapsedCallback  main.o
    0x080030ce   0x080030ce   0x00000002   PAD
    0x080030d0   0x080030d0   0x00000002   Code   RO          295    .text.HAL_TIM_TriggerCallback  stm32f4xx_hal_tim.o
    0x080030d2   0x080030d2   0x00000002   PAD
    0x080030d4   0x080030d4   0x00000002   Code   RO          102    .text.HardFault_Handler  stm32f4xx_it.o
    0x080030d6   0x080030d6   0x00000002   PAD
    0x080030d8   0x080030d8   0x00000048   Code   RO           57    .text.MX_DMA_Init   dma.o
    0x08003120   0x08003120   0x0000008c   Code   RO           39    .text.MX_FREERTOS_Init  freertos.o
    0x080031ac   0x080031ac   0x000000e4   Code   RO           28    .text.MX_GPIO_Init  gpio.o
    0x08003290   0x08003290   0x00000052   Code   RO           66    .text.MX_SPI1_Init  spi.o
    0x080032e2   0x080032e2   0x00000002   PAD
    0x080032e4   0x080032e4   0x000000c4   Code   RO           83    .text.MX_TIM10_Init  tim.o
    0x080033a8   0x080033a8   0x00000072   Code   RO         1239    .text.MX_USB_DEVICE_Init  usb_device.o
    0x0800341a   0x0800341a   0x00000002   PAD
    0x0800341c   0x0800341c   0x00000002   Code   RO          104    .text.MemManage_Handler  stm32f4xx_it.o
    0x0800341e   0x0800341e   0x00000002   PAD
    0x08003420   0x08003420   0x00000002   Code   RO          100    .text.NMI_Handler   stm32f4xx_it.o
    0x08003422   0x08003422   0x00000002   PAD
    0x08003424   0x08003424   0x0000000c   Code   RO          118    .text.OTG_FS_IRQHandler  stm32f4xx_it.o
    0x08003430   0x08003430   0x00000064   Code   RO         1776    .text.PendSV_Handler  port.o
    0x08003494   0x08003494   0x00000124   Code   RO         1157    .text.SPI_WaitFlagStateUntilTimeout  stm32f4xx_hal_spi.o
    0x080035b8   0x080035b8   0x00000008   PAD
    0x080035c0   0x080035c0   0x00000024   Code   RO         1760    .text.SVC_Handler   port.o
    0x080035e4   0x080035e4   0x0000000c   Code   RO           41    .text.StartDefaultTask  freertos.o
    0x080035f0   0x080035f0   0x0000002e   Code   RO         1778    .text.SysTick_Handler  port.o
    0x0800361e   0x0800361e   0x00000002   PAD
    0x08003620   0x08003620   0x000000a8   Code   RO           13    .text.SystemClock_Config  main.o
    0x080036c8   0x080036c8   0x00000012   Code   RO         1167    .text.SystemInit    system_stm32f4xx.o
    0x080036da   0x080036da   0x00000002   PAD
    0x080036dc   0x080036dc   0x0000001e   Code   RO          112    .text.TIM1_UP_TIM10_IRQHandler  stm32f4xx_it.o
    0x080036fa   0x080036fa   0x00000002   PAD
    0x080036fc   0x080036fc   0x0000013a   Code   RO          155    .text.TIM_Base_SetConfig  stm32f4xx_hal_tim.o
    0x08003836   0x08003836   0x00000002   PAD
    0x08003838   0x08003838   0x00000078   Code   RO         1899    .text.USBD_CDC_DataIn  usbd_cdc.o
    0x080038b0   0x080038b0   0x0000003c   Code   RO         1901    .text.USBD_CDC_DataOut  usbd_cdc.o
    0x080038ec   0x080038ec   0x00000060   Code   RO         1893    .text.USBD_CDC_DeInit  usbd_cdc.o
    0x0800394c   0x0800394c   0x00000038   Code   RO         1897    .text.USBD_CDC_EP0_RxReady  usbd_cdc.o
    0x08003984   0x08003984   0x00000010   Code   RO         1909    .text.USBD_CDC_GetDeviceQualifierDescriptor  usbd_cdc.o
    0x08003994   0x08003994   0x00000052   Code   RO         1905    .text.USBD_CDC_GetFSCfgDesc  usbd_cdc.o
    0x080039e6   0x080039e6   0x00000002   PAD
    0x080039e8   0x080039e8   0x00000056   Code   RO         1903    .text.USBD_CDC_GetHSCfgDesc  usbd_cdc.o
    0x08003a3e   0x08003a3e   0x00000002   PAD
    0x08003a40   0x08003a40   0x00000052   Code   RO         1907    .text.USBD_CDC_GetOtherSpeedCfgDesc  usbd_cdc.o
    0x08003a92   0x08003a92   0x00000002   PAD
    0x08003a94   0x08003a94   0x000000c8   Code   RO         1891    .text.USBD_CDC_Init  usbd_cdc.o
    0x08003b5c   0x08003b5c   0x00000034   Code   RO         1919    .text.USBD_CDC_ReceivePacket  usbd_cdc.o
    0x08003b90   0x08003b90   0x00000018   Code   RO         1911    .text.USBD_CDC_RegisterInterface  usbd_cdc.o
    0x08003ba8   0x08003ba8   0x0000001a   Code   RO         1915    .text.USBD_CDC_SetRxBuffer  usbd_cdc.o
    0x08003bc2   0x08003bc2   0x00000002   PAD
    0x08003bc4   0x08003bc4   0x0000001e   Code   RO         1913    .text.USBD_CDC_SetTxBuffer  usbd_cdc.o
    0x08003be2   0x08003be2   0x00000002   PAD
    0x08003be4   0x08003be4   0x000000e8   Code   RO         1895    .text.USBD_CDC_Setup  usbd_cdc.o
    0x08003ccc   0x08003ccc   0x00000044   Code   RO         1917    .text.USBD_CDC_TransmitPacket  usbd_cdc.o
    0x08003d10   0x08003d10   0x00000012   Code   RO         1806    .text.USBD_ClrClassConfig  usbd_core.o
    0x08003d22   0x08003d22   0x00000002   PAD
    0x08003d24   0x08003d24   0x00000004   Code   RO         1814    .text.USBD_CoreFindEP  usbd_core.o
    0x08003d28   0x08003d28   0x00000004   Code   RO         1812    .text.USBD_CoreFindIF  usbd_core.o
    0x08003d2c   0x08003d2c   0x00000010   Code   RO         1875    .text.USBD_CtlContinueRx  usbd_ioreq.o
    0x08003d3c   0x08003d3c   0x00000010   Code   RO         1871    .text.USBD_CtlContinueSendData  usbd_ioreq.o
    0x08003d4c   0x08003d4c   0x00000016   Code   RO         1850    .text.USBD_CtlError  usbd_ctlreq.o
    0x08003d62   0x08003d62   0x00000002   PAD
    0x08003d64   0x08003d64   0x0000001e   Code   RO         1873    .text.USBD_CtlPrepareRx  usbd_ioreq.o
    0x08003d82   0x08003d82   0x00000002   PAD
    0x08003d84   0x08003d84   0x00000016   Code   RO         1879    .text.USBD_CtlReceiveStatus  usbd_ioreq.o
    0x08003d9a   0x08003d9a   0x00000002   PAD
    0x08003d9c   0x08003d9c   0x0000001c   Code   RO         1869    .text.USBD_CtlSendData  usbd_ioreq.o
    0x08003db8   0x08003db8   0x00000016   Code   RO         1877    .text.USBD_CtlSendStatus  usbd_ioreq.o
    0x08003dce   0x08003dce   0x00000002   PAD
    0x08003dd0   0x08003dd0   0x00000024   Code   RO         1258    .text.USBD_FS_ConfigStrDescriptor  usbd_desc.o
    0x08003df4   0x08003df4   0x0000000e   Code   RO         1248    .text.USBD_FS_DeviceDescriptor  usbd_desc.o
    0x08003e02   0x08003e02   0x00000002   PAD
    0x08003e04   0x08003e04   0x00000028   Code   RO         1260    .text.USBD_FS_InterfaceStrDescriptor  usbd_desc.o
    0x08003e2c   0x08003e2c   0x0000000e   Code   RO         1250    .text.USBD_FS_LangIDStrDescriptor  usbd_desc.o
    0x08003e3a   0x08003e3a   0x00000002   PAD
    0x08003e3c   0x08003e3c   0x0000001c   Code   RO         1252    .text.USBD_FS_ManufacturerStrDescriptor  usbd_desc.o
    0x08003e58   0x08003e58   0x00000030   Code   RO         1254    .text.USBD_FS_ProductStrDescriptor  usbd_desc.o
    0x08003e88   0x08003e88   0x00000170   Code   RO         1256    .text.USBD_FS_SerialStrDescriptor  usbd_desc.o
    0x08003ff8   0x08003ff8   0x00000084   Code   RO         1836    .text.USBD_GetEpDesc  usbd_core.o
    0x0800407c   0x0800407c   0x000000fe   Code   RO         1858    .text.USBD_GetString  usbd_ctlreq.o
    0x0800417a   0x0800417a   0x00000002   PAD
    0x0800417c   0x0800417c   0x0000002a   Code   RO         1792    .text.USBD_Init     usbd_core.o
    0x080041a6   0x080041a6   0x00000002   PAD
    0x080041a8   0x080041a8   0x00000022   Code   RO         1342    .text.USBD_LL_ClearStallEP  usbd_conf.o
    0x080041ca   0x080041ca   0x00000002   PAD
    0x080041cc   0x080041cc   0x00000022   Code   RO         1336    .text.USBD_LL_CloseEP  usbd_conf.o
    0x080041ee   0x080041ee   0x00000002   PAD
    0x080041f0   0x080041f0   0x000000ba   Code   RO         1816    .text.USBD_LL_DataInStage  usbd_core.o
    0x080042aa   0x080042aa   0x00000002   PAD
    0x080042ac   0x080042ac   0x0000007c   Code   RO         1810    .text.USBD_LL_DataOutStage  usbd_core.o
    0x08004328   0x08004328   0x00000004   Code   RO         1832    .text.USBD_LL_DevConnected  usbd_core.o
    0x0800432c   0x0800432c   0x00000022   Code   RO         1834    .text.USBD_LL_DevDisconnected  usbd_core.o
    0x0800434e   0x0800434e   0x00000002   PAD
    0x08004350   0x08004350   0x00000008   Code   RO         1352    .text.USBD_LL_GetRxDataSize  usbd_conf.o
    0x08004358   0x08004358   0x0000006e   Code   RO         1324    .text.USBD_LL_Init  usbd_conf.o
    0x080043c6   0x080043c6   0x00000002   PAD
    0x080043c8   0x080043c8   0x0000002a   Code   RO         1344    .text.USBD_LL_IsStallEP  usbd_conf.o
    0x080043f2   0x080043f2   0x00000002   PAD
    0x080043f4   0x080043f4   0x0000002c   Code   RO         1828    .text.USBD_LL_IsoINIncomplete  usbd_core.o
    0x08004420   0x08004420   0x0000002c   Code   RO         1830    .text.USBD_LL_IsoOUTIncomplete  usbd_core.o
    0x0800444c   0x0800444c   0x00000028   Code   RO         1334    .text.USBD_LL_OpenEP  usbd_conf.o
    0x08004474   0x08004474   0x00000022   Code   RO         1350    .text.USBD_LL_PrepareReceive  usbd_conf.o
    0x08004496   0x08004496   0x00000002   PAD
    0x08004498   0x08004498   0x00000062   Code   RO         1818    .text.USBD_LL_Reset  usbd_core.o
    0x080044fa   0x080044fa   0x00000002   PAD
    0x080044fc   0x080044fc   0x00000014   Code   RO         1824    .text.USBD_LL_Resume  usbd_core.o
    0x08004510   0x08004510   0x0000001e   Code   RO         1826    .text.USBD_LL_SOF   usbd_core.o
    0x0800452e   0x0800452e   0x00000002   PAD
    0x08004530   0x08004530   0x00000008   Code   RO         1820    .text.USBD_LL_SetSpeed  usbd_core.o
    0x08004538   0x08004538   0x00000022   Code   RO         1346    .text.USBD_LL_SetUSBAddress  usbd_conf.o
    0x0800455a   0x0800455a   0x00000002   PAD
    0x0800455c   0x0800455c   0x00000062   Code   RO         1808    .text.USBD_LL_SetupStage  usbd_core.o
    0x080045be   0x080045be   0x00000002   PAD
    0x080045c0   0x080045c0   0x00000022   Code   RO         1340    .text.USBD_LL_StallEP  usbd_conf.o
    0x080045e2   0x080045e2   0x00000002   PAD
    0x080045e4   0x080045e4   0x00000022   Code   RO         1330    .text.USBD_LL_Start  usbd_conf.o
    0x08004606   0x08004606   0x00000002   PAD
    0x08004608   0x08004608   0x0000001c   Code   RO         1822    .text.USBD_LL_Suspend  usbd_core.o
    0x08004624   0x08004624   0x00000022   Code   RO         1348    .text.USBD_LL_Transmit  usbd_conf.o
    0x08004646   0x08004646   0x00000002   PAD
    0x08004648   0x08004648   0x00000016   Code   RO         1856    .text.USBD_ParseSetupRequest  usbd_ctlreq.o
    0x0800465e   0x0800465e   0x00000002   PAD
    0x08004660   0x08004660   0x00000042   Code   RO         1796    .text.USBD_RegisterClass  usbd_core.o
    0x080046a2   0x080046a2   0x00000002   PAD
    0x080046a4   0x080046a4   0x00000010   Code   RO         1804    .text.USBD_SetClassConfig  usbd_core.o
    0x080046b4   0x080046b4   0x00000004   Code   RO         1798    .text.USBD_Start    usbd_core.o
    0x080046b8   0x080046b8   0x00000378   Code   RO         1848    .text.USBD_StdDevReq  usbd_ctlreq.o
    0x08004a30   0x08004a30   0x0000015c   Code   RO         1854    .text.USBD_StdEPReq  usbd_ctlreq.o
    0x08004b8c   0x08004b8c   0x00000070   Code   RO         1852    .text.USBD_StdItfReq  usbd_ctlreq.o
    0x08004bfc   0x08004bfc   0x00000002   Code   RO         1356    .text.USBD_static_free  usbd_conf.o
    0x08004bfe   0x08004bfe   0x00000002   PAD
    0x08004c00   0x08004c00   0x0000000a   Code   RO         1354    .text.USBD_static_malloc  usbd_conf.o
    0x08004c0a   0x08004c0a   0x00000002   PAD
    0x08004c0c   0x08004c0c   0x00000082   Code   RO          586    .text.USB_ActivateEndpoint  stm32f4xx_ll_usb.o
    0x08004c8e   0x08004c8e   0x00000002   PAD
    0x08004c90   0x08004c90   0x00000020   Code   RO          628    .text.USB_ActivateSetup  stm32f4xx_ll_usb.o
    0x08004cb0   0x08004cb0   0x00000276   Code   RO          564    .text.USB_CoreInit  stm32f4xx_ll_usb.o
    0x08004f26   0x08004f26   0x00000002   PAD
    0x08004f28   0x08004f28   0x00000082   Code   RO          590    .text.USB_DeactivateEndpoint  stm32f4xx_ll_usb.o
    0x08004faa   0x08004faa   0x00000002   PAD
    0x08004fac   0x08004fac   0x0000001e   Code   RO          610    .text.USB_DevConnect  stm32f4xx_ll_usb.o
    0x08004fca   0x08004fca   0x00000002   PAD
    0x08004fcc   0x08004fcc   0x0000001e   Code   RO          612    .text.USB_DevDisconnect  stm32f4xx_ll_usb.o
    0x08004fea   0x08004fea   0x00000002   PAD
    0x08004fec   0x08004fec   0x000004b6   Code   RO          576    .text.USB_DevInit   stm32f4xx_ll_usb.o
    0x080054a2   0x080054a2   0x00000002   PAD
    0x080054a4   0x080054a4   0x0000000e   Code   RO          570    .text.USB_DisableGlobalInt  stm32f4xx_ll_usb.o
    0x080054b2   0x080054b2   0x00000002   PAD
    0x080054b4   0x080054b4   0x0000005a   Code   RO          630    .text.USB_EP0_OutStart  stm32f4xx_ll_usb.o
    0x0800550e   0x0800550e   0x00000002   PAD
    0x08005510   0x08005510   0x00000052   Code   RO          604    .text.USB_EPClearStall  stm32f4xx_ll_usb.o
    0x08005562   0x08005562   0x00000002   PAD
    0x08005564   0x08005564   0x0000003e   Code   RO          602    .text.USB_EPSetStall  stm32f4xx_ll_usb.o
    0x080055a2   0x080055a2   0x00000002   PAD
    0x080055a4   0x080055a4   0x0000023a   Code   RO          594    .text.USB_EPStartXfer  stm32f4xx_ll_usb.o
    0x080057de   0x080057de   0x00000002   PAD
    0x080057e0   0x080057e0   0x0000010e   Code   RO          598    .text.USB_EPStopXfer  stm32f4xx_ll_usb.o
    0x080058ee   0x080058ee   0x00000002   PAD
    0x080058f0   0x080058f0   0x0000000e   Code   RO          568    .text.USB_EnableGlobalInt  stm32f4xx_ll_usb.o
    0x080058fe   0x080058fe   0x00000002   PAD
    0x08005900   0x08005900   0x000000be   Code   RO          580    .text.USB_FlushTxFifo  stm32f4xx_ll_usb.o
    0x080059be   0x080059be   0x00000002   PAD
    0x080059c0   0x080059c0   0x0000001a   Code   RO          584    .text.USB_GetDevSpeed  stm32f4xx_ll_usb.o
    0x080059da   0x080059da   0x00000002   PAD
    0x080059dc   0x080059dc   0x00000008   Code   RO          574    .text.USB_GetMode   stm32f4xx_ll_usb.o
    0x080059e4   0x080059e4   0x0000000e   Code   RO          620    .text.USB_ReadDevAllInEpInterrupt  stm32f4xx_ll_usb.o
    0x080059f2   0x080059f2   0x00000002   PAD
    0x080059f4   0x080059f4   0x0000000e   Code   RO          618    .text.USB_ReadDevAllOutEpInterrupt  stm32f4xx_ll_usb.o
    0x08005a02   0x08005a02   0x00000002   PAD
    0x08005a04   0x08005a04   0x00000024   Code   RO          624    .text.USB_ReadDevInEPInterrupt  stm32f4xx_ll_usb.o
    0x08005a28   0x08005a28   0x00000010   Code   RO          622    .text.USB_ReadDevOutEPInterrupt  stm32f4xx_ll_usb.o
    0x08005a38   0x08005a38   0x00000008   Code   RO          614    .text.USB_ReadInterrupts  stm32f4xx_ll_usb.o
    0x08005a40   0x08005a40   0x000000aa   Code   RO          600    .text.USB_ReadPacket  stm32f4xx_ll_usb.o
    0x08005aea   0x08005aea   0x00000002   PAD
    0x08005aec   0x08005aec   0x00000368   Code   RO          572    .text.USB_SetCurrentMode  stm32f4xx_ll_usb.o
    0x08005e54   0x08005e54   0x00000022   Code   RO          608    .text.USB_SetDevAddress  stm32f4xx_ll_usb.o
    0x08005e76   0x08005e76   0x00000002   PAD
    0x08005e78   0x08005e78   0x00000118   Code   RO          566    .text.USB_SetTurnaroundTime  stm32f4xx_ll_usb.o
    0x08005f90   0x08005f90   0x0000006a   Code   RO          596    .text.USB_WritePacket  stm32f4xx_ll_usb.o
    0x08005ffa   0x08005ffa   0x00000002   PAD
    0x08005ffc   0x08005ffc   0x00000002   Code   RO          108    .text.UsageFault_Handler  stm32f4xx_it.o
    0x08005ffe   0x08005ffe   0x00000002   PAD
    0x08006000   0x08006000   0x00000252   Code   RO         1184    .text.bmi088_accel_init  bmi088driver.o
    0x08006252   0x08006252   0x00000002   PAD
    0x08006254   0x08006254   0x00000218   Code   RO         1186    .text.bmi088_gyro_init  bmi088driver.o
    0x0800646c   0x0800646c   0x00000022   Code   RO           11    .text.main          main.o
    0x0800648e   0x0800648e   0x00000002   PAD
    0x08006490   0x08006490   0x00000010   Code   RO         1638    .text.osDelay       cmsis_os.o
    0x080064a0   0x080064a0   0x0000000a   Code   RO         1620    .text.osKernelStart  cmsis_os.o
    0x080064aa   0x080064aa   0x00000002   PAD
    0x080064ac   0x080064ac   0x0000005c   Code   RO         1626    .text.osThreadCreate  cmsis_os.o
    0x08006508   0x08006508   0x000000fc   Code   RO         1518    .text.prvAddNewTaskToReadyList  tasks.o
    0x08006604   0x08006604   0x00000086   Code   RO         1548    .text.prvIdleTask   tasks.o
    0x0800668a   0x0800668a   0x00000002   PAD
    0x0800668c   0x0800668c   0x000000f4   Code   RO         1516    .text.prvInitialiseNewTask  tasks.o
    0x08006780   0x08006780   0x00000028   Code   RO         1768    .text.prvPortStartFirstTask  port.o
    0x080067a8   0x080067a8   0x0000003e   Code   RO         1758    .text.prvTaskExitError  port.o
    0x080067e6   0x080067e6   0x00000002   PAD
    0x080067e8   0x080067e8   0x000001e8   Code   RO         1734    .text.pvPortMalloc  heap_4.o
    0x080069d0   0x080069d0   0x00000024   Code   RO         1756    .text.pxPortInitialiseStack  port.o
    0x080069f4   0x080069f4   0x00000004   Code   RO         1229    .text.usb_data_send  bsp_usb.o
    0x080069f8   0x080069f8   0x00000016   Code   RO         1227    .text.usb_init      bsp_usb.o
    0x08006a0e   0x08006a0e   0x00000002   PAD
    0x08006a10   0x08006a10   0x00000042   Code   RO         1932    .text.usb_task      usb_task.o
    0x08006a52   0x08006a52   0x00000002   PAD
    0x08006a54   0x08006a54   0x00000022   Code   RO         1407    .text.uxListRemove  list.o
    0x08006a76   0x08006a76   0x00000002   PAD
    0x08006a78   0x08006a78   0x0000001a   Code   RO           37    .text.vApplicationGetIdleTaskMemory  freertos.o
    0x08006a92   0x08006a92   0x00000002   PAD
    0x08006a94   0x08006a94   0x00000016   Code   RO         1399    .text.vListInitialise  list.o
    0x08006aaa   0x08006aaa   0x00000002   PAD
    0x08006aac   0x08006aac   0x00000006   Code   RO         1401    .text.vListInitialiseItem  list.o
    0x08006ab2   0x08006ab2   0x00000002   PAD
    0x08006ab4   0x08006ab4   0x00000062   Code   RO         1405    .text.vListInsert   list.o
    0x08006b16   0x08006b16   0x00000002   PAD
    0x08006b18   0x08006b18   0x0000001a   Code   RO         1403    .text.vListInsertEnd  list.o
    0x08006b32   0x08006b32   0x00000002   PAD
    0x08006b34   0x08006b34   0x00000014   Code   RO         1766    .text.vPortEnableVFP  port.o
    0x08006b48   0x08006b48   0x00000046   Code   RO         1772    .text.vPortEnterCritical  port.o
    0x08006b8e   0x08006b8e   0x00000002   PAD
    0x08006b90   0x08006b90   0x0000002e   Code   RO         1774    .text.vPortExitCritical  port.o
    0x08006bbe   0x08006bbe   0x00000002   PAD
    0x08006bc0   0x08006bc0   0x000000de   Code   RO         1736    .text.vPortFree     heap_4.o
    0x08006c9e   0x08006c9e   0x00000002   PAD
    0x08006ca0   0x08006ca0   0x00000034   Code   RO         1764    .text.vPortSetupTimerInterrupt  port.o
    0x08006cd4   0x08006cd4   0x0000009e   Code   RO         1524    .text.vTaskDelay    tasks.o
    0x08006d72   0x08006d72   0x00000002   PAD
    0x08006d74   0x08006d74   0x000000cc   Code   RO         1546    .text.vTaskStartScheduler  tasks.o
    0x08006e40   0x08006e40   0x00000010   Code   RO         1526    .text.vTaskSuspendAll  tasks.o
    0x08006e50   0x08006e50   0x0000006e   Code   RO         1540    .text.vTaskSwitchContext  tasks.o
    0x08006ebe   0x08006ebe   0x00000002   PAD
    0x08006ec0   0x08006ec0   0x00000188   Code   RO         1762    .text.xPortStartScheduler  port.o
    0x08007048   0x08007048   0x00000060   Code   RO         1520    .text.xTaskCreate   tasks.o
    0x080070a8   0x080070a8   0x00000076   Code   RO         1514    .text.xTaskCreateStatic  tasks.o
    0x0800711e   0x0800711e   0x00000002   PAD
    0x08007120   0x08007120   0x00000106   Code   RO         1552    .text.xTaskIncrementTick  tasks.o
    0x08007226   0x08007226   0x00000002   PAD
    0x08007228   0x08007228   0x000000ea   Code   RO         1530    .text.xTaskResumeAll  tasks.o
    0x08007312   0x08007312   0x0000001a   Code   RO         2071    x$fpl$fpinit        fz_wm.l(fpinit.o)
    0x0800732c   0x0800732c   0x00000010   Data   RO         1172    .rodata.AHBPrescTable  system_stm32f4xx.o
    0x0800733c   0x0800733c   0x00000008   Data   RO         1173    .rodata.APBPrescTable  system_stm32f4xx.o
    0x08007344   0x08007344   0x00000008   Data   RO          840    .rodata.cst8        stm32f4xx_hal_dma.o
    0x0800734c   0x0800734c   0x00000015   Data   RO           47    .rodata.str1.1      freertos.o
    0x08007361   0x08007361   0x00000012   Data   RO         1190    .rodata.write_BMI088_accel_reg_data_error  bmi088driver.o
    0x08007373   0x08007373   0x00000012   Data   RO         1191    .rodata.write_BMI088_gyro_reg_data_error  bmi088driver.o
    0x08007385   0x08007385   0x00000003   PAD
    0x08007388   0x08007388   0x00000020   Data   RO         2132    Region$$Table       anon$$obj.o


    Execution Region RW_IRAM1 (Exec base: 0x20000000, Load base: 0x080073a8, Size: 0x000074e0, Max: 0x0001c000, ABSOLUTE)

    Exec Addr    Load Addr    Size         Type   Attr      Idx    E Section Name        Object

    0x20000000   0x080073a8   0x00000008   Data   RW         1018    .data..L_MergedGlobals  stm32f4xx_hal.o
    0x20000008   0x080073b0   0x00000008   Data   RW         1192    .data..L_MergedGlobals  bmi088driver.o
    0x20000010   0x080073b8   0x0000001c   Data   RW         1262    .data.FS_Desc       usbd_desc.o
    0x2000002c   0x080073d4   0x00000004   Data   RW         1171    .data.SystemCoreClock  system_stm32f4xx.o
    0x20000030   0x080073d8   0x00000038   Data   RW         1921    .data.USBD_CDC      usbd_cdc.o
    0x20000068   0x08007410   0x00000043   Data   RW         1923    .data.USBD_CDC_CfgDesc  usbd_cdc.o
    0x200000ab   0x08007453   0x00000001   PAD
    0x200000ac   0x08007454   0x0000000a   Data   RW         1922    .data.USBD_CDC_DeviceQualifierDesc  usbd_cdc.o
    0x200000b6   0x0800745e   0x00000002   PAD
    0x200000b8   0x08007460   0x00000012   Data   RW         1263    .data.USBD_FS_DeviceDesc  usbd_desc.o
    0x200000ca   0x08007472   0x00000002   PAD
    0x200000cc   0x08007474   0x00000014   Data   RW         1287    .data.USBD_Interface_fops_FS  usbd_cdc_if.o
    0x200000e0   0x08007488   0x00000004   Data   RW         1264    .data.USBD_LangIDDesc  usbd_desc.o
    0x200000e4   0x0800748c   0x0000001a   Data   RW         1265    .data.USBD_StringSerial  usbd_desc.o
    0x200000fe   0x080074a6   0x00000002   PAD
    0x20000100   0x080074a8   0x0000001c   Data   RW         1934    .data.sine_frame    usb_task.o
    0x2000011c   0x080074c4   0x00000004   Data   RW         1782    .data.uxCriticalNesting  port.o
    0x20000120        -       0x00000060   Zero   RW         1997    .bss                c_w.l(libspace.o)
    0x20000180        -       0x00000008   Zero   RW           48    .bss..L_MergedGlobals  freertos.o
    0x20000188        -       0x00000078   Zero   RW         1609    .bss..L_MergedGlobals  tasks.o
    0x20000200        -       0x00000020   Zero   RW         1747    .bss..L_MergedGlobals  heap_4.o
    0x20000220        -       0x00000008   Zero   RW         1783    .bss..L_MergedGlobals  port.o
    0x20000228        -       0x0000001c   Zero   RW         1935    .bss..L_MergedGlobals  usb_task.o
    0x20000244        -       0x00000028   Zero   RW         1610    .bss..L_MergedGlobals.2  tasks.o
    0x2000026c        -       0x00000001   Zero   RW         1860    .bss.USBD_SetConfig.cfgidx  usbd_ctlreq.o
    0x2000026d   0x080074c8   0x00000003   PAD
    0x20000270        -       0x00000200   Zero   RW         1266    .bss.USBD_StrDesc   usbd_desc.o
    0x20000470        -       0x00000220   Zero   RW         1361    .bss.USBD_static_malloc.mem  usbd_conf.o
    0x20000690        -       0x00000800   Zero   RW         1288    .bss.UserRxBufferFS  usbd_cdc_if.o
    0x20000e90        -       0x00000800   Zero   RW         1289    .bss.UserTxBufferFS  usbd_cdc_if.o
    0x20001690        -       0x000002dc   Zero   RW         1241    .bss.hUsbDeviceFS   usb_device.o
    0x2000196c        -       0x00000060   Zero   RW           73    .bss.hdma_spi1_rx   spi.o
    0x200019cc        -       0x00000060   Zero   RW           74    .bss.hdma_spi1_tx   spi.o
    0x20001a2c        -       0x000004e4   Zero   RW         1360    .bss.hpcd_USB_OTG_FS  usbd_conf.o
    0x20001f10        -       0x00000058   Zero   RW           72    .bss.hspi1          spi.o
    0x20001f68        -       0x00000048   Zero   RW          142    .bss.htim1          stm32f4xx_hal_timebase_tim.o
    0x20001fb0        -       0x00000048   Zero   RW           91    .bss.htim10         tim.o
    0x20001ff8        -       0x0000008c   Zero   RW         1608    .bss.pxReadyTasksLists  tasks.o
    0x20002084        -       0x00003c00   Zero   RW         1746    .bss.ucHeap         heap_4.o
    0x20005c84        -       0x00001004   Zero   RW         1231    .bss.usb_cdc_data   bsp_usb.o
    0x20006c88        -       0x00000004   Zero   RW         1017    .bss.uwTick         stm32f4xx_hal.o
    0x20006c8c        -       0x00000200   Zero   RW           46    .bss.xIdleStack     freertos.o
    0x20006e8c        -       0x00000054   Zero   RW           45    .bss.xIdleTaskTCBBuffer  freertos.o
    0x20006ee0        -       0x00000200   Zero   RW            2    HEAP                startup_stm32f407xx.o
    0x200070e0        -       0x00000400   Zero   RW            1    STACK               startup_stm32f407xx.o


    Execution Region RW_IRAM2 (Exec base: 0x2001c000, Load base: 0x080074c8, Size: 0x00000000, Max: 0x00004000, ABSOLUTE)

    **** No section assigned to this execution region ****


==============================================================================

Image component sizes


      Code (inc. data)   RO Data    RW Data    ZI Data      Debug   Object Name

      1566          0         36          8          0       5744   bmi088driver.o
       670          0          0          0          0       5527   bmi088middleware.o
        26          0          0          0       4100       1224   bsp_usb.o
       118          0          0          0          0      24773   cmsis_os.o
        72          0          0          0          0       3463   dma.o
       178         56         21          0        604       3373   freertos.o
       228          0          0          0          0       2193   gpio.o
       710          0          0          0      15392       5867   heap_4.o
       186          0          0          0          0       2344   list.o
       226          0          0          0          0       6353   main.o
       900         16          0          4          8       4369   port.o
       384          0          0          0        280       5307   spi.o
        64         26        392          0       1536        844   startup_stm32f407xx.o
       132          0          0          8          4       7304   stm32f4xx_hal.o
       152          0          0          0          0      10722   stm32f4xx_hal_cortex.o
       806          6          8          0          0      10570   stm32f4xx_hal_dma.o
       424          0          0          0          0       5432   stm32f4xx_hal_gpio.o
        66          0          0          0          0       3527   stm32f4xx_hal_msp.o
      3568          0          0          0          0      17422   stm32f4xx_hal_pcd.o
       216          0          0          0          0       4749   stm32f4xx_hal_pcd_ex.o
      1518          4          0          0          0       7574   stm32f4xx_hal_rcc.o
      1300          0          0          0          0      26227   stm32f4xx_hal_spi.o
      1552          6          0          0          0      58483   stm32f4xx_hal_tim.o
         4          0          0          0          0      21930   stm32f4xx_hal_tim_ex.o
       166          0          0          0         72       7177   stm32f4xx_hal_timebase_tim.o
        78          0          0          0          0       6638   stm32f4xx_it.o
      5064          0          0          0          0      37520   stm32f4xx_ll_usb.o
        18          0         24          4          0       2593   system_stm32f4xx.o
      1828          8          0          0        300      28811   tasks.o
       268          0          0          0         72       8231   tim.o
       114          0          0          0        732       3205   usb_device.o
        66          0          0         28         28        888   usb_task.o
      1230         12          0        133          0      11541   usbd_cdc.o
       138          0          0         20       4096       4903   usbd_cdc_if.o
       784          0          0          0       1796      18362   usbd_conf.o
      1004          0          0          0          0      11159   usbd_core.o
      1646         32          0          0          1      11211   usbd_ctlreq.o
       548         56          0         76        512       4110   usbd_desc.o
       134          0          0          0          0       4736   usbd_ioreq.o

    ----------------------------------------------------------------------
     28422        222        516        288      29536     406406   Object Totals
         0          0         32          0          0          0   (incl. Generated)
       270          0          3          7          3          0   (incl. Padding)

    ----------------------------------------------------------------------

      Code (inc. data)   RO Data    RW Data    ZI Data      Debug   Library Member Name

         8          0          0          0          0         68   __main.o
         0          0          0          0          0          0   __rtentry.o
        12          0          0          0          0          0   __rtentry2.o
         6          0          0          0          0          0   __rtentry4.o
        94          8          0          0          0          0   __scatter.o
        26          0          0          0          0          0   __scatter_copy.o
        28          0          0          0          0          0   __scatter_zi.o
        18          0          0          0          0         80   exit.o
         6          0          0          0          0        152   heapauxi.o
         0          0          0          0          0          0   indicate_semi.o
         2          0          0          0          0          0   libinit.o
         6          0          0          0          0          0   libinit2.o
         2          0          0          0          0          0   libshutdown.o
         2          0          0          0          0          0   libshutdown2.o
         8          4          0          0         96         68   libspace.o
       240          0          0          0          0        100   lludivv7m.o
        78          0          0          0          0         80   rt_memclr_w.o
         2          0          0          0          0          0   rtexit.o
        10          0          0          0          0          0   rtexit2.o
        12          4          0          0          0         68   sys_exit.o
        74          0          0          0          0         80   sys_stackheap_outer.o
         2          0          0          0          0         68   use_no_semi.o
        26          0          0          0          0        116   fpinit.o

    ----------------------------------------------------------------------
       670         16          0          0         96        880   Library Totals
         8          0          0          0          0          0   (incl. Padding)

    ----------------------------------------------------------------------

      Code (inc. data)   RO Data    RW Data    ZI Data      Debug   Library Name

       636         16          0          0         96        764   c_w.l
        26          0          0          0          0        116   fz_wm.l

    ----------------------------------------------------------------------
       670         16          0          0         96        880   Library Totals

    ----------------------------------------------------------------------

==============================================================================


      Code (inc. data)   RO Data    RW Data    ZI Data      Debug   

     29092        238        516        288      29632     406354   Grand Totals
     29092        238        516        288      29632     406354   ELF Image Totals
     29092        238        516        288          0          0   ROM Totals

==============================================================================

    Total RO  Size (Code + RO Data)                29608 (  28.91kB)
    Total RW  Size (RW Data + ZI Data)             29920 (  29.22kB)
    Total ROM Size (Code + RO Data + RW Data)      29896 (  29.20kB)

==============================================================================

